                :-) GROMACS - gmx mdrun, 2024.5-conda_forge (-:

Copyright 1991-2024 The GROMACS Authors.
GROMACS is free software; you can redistribute it and/or modify it
under the terms of the GNU Lesser General Public License
as published by the Free Software Foundation; either version 2.1
of the License, or (at your option) any later version.

                         Current GROMACS contributors:
       Mark Abraham           Andrey Alekseenko           Vladimir Basov      
      Cathrine Bergh            Eliane Briand               Ania Brown        
      Mahesh Doijade            Giacomo Fiorin          Stefan Fleischmann    
      Sergey Gorelov         Gilles Gouaillardet            Alan Gray         
     M. Eric Irrgang         Farzaneh Jalalypour            Joe Jordan        
     Carsten Kutzner           Justin A. Lemkul          Magnus Lundborg      
       Pascal Merz              Vedran Miletic            Dmitry Morozov      
       Julien Nabet              Szilard Pall        Andrea Pasquadibisceglie 
    Michele Pellegrino          Hubert Santuz             Roland Schulz       
     Tatiana Shugaeva          Alexey Shvetsov            Philip Turner       
     Alessandra Villa      Sebastian Wingbermuehle  

                         Previous GROMACS contributors:
        Emile Apol             Rossen Apostolov           James Barnett       
        Paul Bauer          Herman J.C. Berendsen          Par Bjelkmar       
      Christian Blau          Viacheslav Bolnykh            Kevin Boyd        
    Aldert van Buuren          Carlo Camilloni           Rudi van Drunen      
      Anton Feenstra           Oliver Fleetwood            Vytas Gapsys       
       Gaurav Garg             Gerrit Groenhof            Bert de Groot       
      Anca Hamuraru           Vincent Hindriksen          Victor Holanda      
     Aleksei Iupinov          Christoph Junghans        Prashanth Kanduri     
   Dimitrios Karkoulis           Peter Kasson             Sebastian Kehl      
     Sebastian Keller             Jiri Kraus               Per Larsson        
      Viveca Lindahl            Erik Marklund           Pieter Meulenhoff     
      Teemu Murtola              Sander Pronk             Michael Shirts      
      Alfons Sijbers            Balint Soproni         David van der Spoel    
      Peter Tieleman            Carsten Uphoff             Jon Vincent        
     Teemu Virolainen         Christian Wennberg           Maarten Wolf       
      Artem Zhmurov       

                  Coordinated by the GROMACS project leaders:
                           Berk Hess and Erik Lindahl

GROMACS:      gmx mdrun, version 2024.5-conda_forge
Executable:   ${HPC_WORKSPACE}/miniconda3/envs/gmx-lite/bin.AVX2_256/gmx
Data prefix:  ${HPC_WORKSPACE}/miniconda3/envs/gmx-lite
Working dir:  ${HPC_WORKSPACE}/GITHUB_NAMESPACE/TUB-CPPF/tubulin-cppf-md
Process ID:   966753
Command line:
  gmx mdrun -deffnm revision_exec/rep1/nvt/nvt -v

GROMACS version:     2024.5-conda_forge
Precision:           mixed
Memory model:        64 bit
MPI library:         thread_mpi
OpenMP support:      enabled (GMX_OPENMP_MAX_THREADS = 128)
GPU support:         OpenCL
NBNxM GPU setup:     super-cluster 2x2x2 / cluster 8
SIMD instructions:   AVX2_256
CPU FFT library:     fftw-3.3.10-sse2-avx
GPU FFT library:     clFFT
Multi-GPU FFT:       none
RDTSCP usage:        disabled
TNG support:         enabled
Hwloc support:       disabled
Tracing support:     disabled
C compiler:          /home/conda/feedstock_root/build_artifacts/gromacs_1737879903961/_build_env/bin/x86_64-conda-linux-gnu-cc GNU 13.3.0
C compiler flags:    -fexcess-precision=fast -funroll-all-loops -mavx2 -mfma -Wno-missing-field-initializers -O3 -DNDEBUG
C++ compiler:        /home/conda/feedstock_root/build_artifacts/gromacs_1737879903961/_build_env/bin/x86_64-conda-linux-gnu-c++ GNU 13.3.0
C++ compiler flags:  -fexcess-precision=fast -funroll-all-loops -mavx2 -mfma -Wno-missing-field-initializers -Wno-cast-function-type-strict SHELL:-fopenmp -O3 -DNDEBUG
BLAS library:        Internal
LAPACK library:      Internal
OpenCL include dir:  ${HPC_WORKSPACE}/miniconda3/envs/gmx-lite/include
OpenCL library:      ${HPC_WORKSPACE}/miniconda3/envs/gmx-lite/lib/libOpenCL.so
OpenCL version:      3.0


Running on 1 node with total 64 cores, 128 processing units (GPU detection failed)
Hardware detected on host ac38d33c30c5:
  CPU info:
    Vendor: Intel
    Brand:  Intel(R) Xeon(R) Platinum 8358P CPU @ 2.60GHz
    Family: 6   Model: 106   Stepping: 6
    Features: aes apic avx avx2 avx512f avx512cd avx512bw avx512vl avx512secondFMA clfsh cmov cx8 cx16 f16c fma htt intel lahf mmx msr nonstop_tsc pcid pclmuldq pdcm pdpe1gb popcnt pse rdrnd rdtscp sha sse2 sse3 sse4.1 sse4.2 ssse3 tdt x2apic
    Number of AVX-512 FMA units: 2
  Hardware topology: Basic
    Packages, cores, and logical processors:
    [indices refer to OS logical processors]
      Package  0: [   0  64] [   1  65] [   2  66] [   3  67] [   4  68] [   5  69] [   6  70] [   7  71] [   8  72] [   9  73] [  10  74] [  11  75] [  12  76] [  13  77] [  14  78] [  15  79] [  16  80] [  17  81] [  18  82] [  19  83] [  20  84] [  21  85] [  22  86] [  23  87] [  24  88] [  25  89] [  26  90] [  27  91] [  28  92] [  29  93] [  30  94] [  31  95]
      Package  1: [  32  96] [  33  97] [  34  98] [  35  99] [  36 100] [  37 101] [  38 102] [  39 103] [  40 104] [  41 105] [  42 106] [  43 107] [  44 108] [  45 109] [  46 110] [  47 111] [  48 112] [  49 113] [  50 114] [  51 115] [  52 116] [  53 117] [  54 118] [  55 119] [  56 120] [  57 121] [  58 122] [  59 123] [  60 124] [  61 125] [  62 126] [  63 127]
    CPU limit set by OS: 8   Recommended max number of threads: 8

Likely fastest SIMD instructions supported by all nodes: AVX_512
SIMD instructions selected at compile time:              AVX2_256
Merely a note: it is unfortunately hard to know for sure which SIMD
instructons will perform best on this hardware. For non-GPU runs
on Intel CPUs with dual AVX-512 units, using AVX-512 can be good,
while AVX2 is often better for runs also using a GPU. Typically
this is just a few percent, so don't worry unless you are tuning.

The current CPU can measure timings more accurately than the code in
gmx mdrun was configured to use. This might affect your simulation
speed as accurate timings are needed for load-balancing.
Please consider rebuilding gmx mdrun with the GMX_USE_RDTSCP=ON CMake option.

++++ PLEASE READ AND CITE THE FOLLOWING REFERENCE ++++
M. J. Abraham, T. Murtola, R. Schulz, S. Páll, J. C. Smith, B. Hess, E.
Lindahl
GROMACS: High performance molecular simulations through multi-level
parallelism from laptops to supercomputers
SoftwareX 1 (2015) pp. 19-25
-------- -------- --- Thank You --- -------- --------


++++ PLEASE READ AND CITE THE FOLLOWING REFERENCE ++++
S. Páll, M. J. Abraham, C. Kutzner, B. Hess, E. Lindahl
Tackling Exascale Software Challenges in Molecular Dynamics Simulations with
GROMACS
In S. Markidis & E. Laure (Eds.), Solving Software Challenges for Exascale 8759 (2015) pp. 3-27
-------- -------- --- Thank You --- -------- --------


++++ PLEASE READ AND CITE THE FOLLOWING REFERENCE ++++
S. Pronk, S. Páll, R. Schulz, P. Larsson, P. Bjelkmar, R. Apostolov, M. R.
Shirts, J. C. Smith, P. M. Kasson, D. van der Spoel, B. Hess, and E. Lindahl
GROMACS 4.5: a high-throughput and highly parallel open source molecular
simulation toolkit
Bioinformatics 29 (2013) pp. 845-54
-------- -------- --- Thank You --- -------- --------


++++ PLEASE READ AND CITE THE FOLLOWING REFERENCE ++++
B. Hess and C. Kutzner and D. van der Spoel and E. Lindahl
GROMACS 4: Algorithms for highly efficient, load-balanced, and scalable
molecular simulation
J. Chem. Theory Comput. 4 (2008) pp. 435-447
-------- -------- --- Thank You --- -------- --------


++++ PLEASE READ AND CITE THE FOLLOWING REFERENCE ++++
D. van der Spoel, E. Lindahl, B. Hess, G. Groenhof, A. E. Mark and H. J. C.
Berendsen
GROMACS: Fast, Flexible and Free
J. Comp. Chem. 26 (2005) pp. 1701-1719
-------- -------- --- Thank You --- -------- --------


++++ PLEASE READ AND CITE THE FOLLOWING REFERENCE ++++
E. Lindahl and B. Hess and D. van der Spoel
GROMACS 3.0: A package for molecular simulation and trajectory analysis
J. Mol. Mod. 7 (2001) pp. 306-317
-------- -------- --- Thank You --- -------- --------


++++ PLEASE READ AND CITE THE FOLLOWING REFERENCE ++++
H. J. C. Berendsen, D. van der Spoel and R. van Drunen
GROMACS: A message-passing parallel molecular dynamics implementation
Comp. Phys. Comm. 91 (1995) pp. 43-56
-------- -------- --- Thank You --- -------- --------


Multiple energy groups is not implemented for GPUs, falling back to the CPU. For better performance, run on the GPU without energy groups and then do gmx mdrun -rerun option on the trajectory with an energy group .tpr file.
Input Parameters:
   integrator                     = md
   tinit                          = 0
   dt                             = 0.002
   nsteps                         = 50000
   init-step                      = 0
   simulation-part                = 1
   mts                            = false
   mass-repartition-factor        = 1
   comm-mode                      = Linear
   nstcomm                        = 100
   bd-fric                        = 0
   ld-seed                        = -403705857
   emtol                          = 10
   emstep                         = 0.01
   niter                          = 20
   fcstep                         = 0
   nstcgsteep                     = 1000
   nbfgscorr                      = 10
   rtpi                           = 0.05
   nstxout                        = 500
   nstvout                        = 500
   nstfout                        = 0
   nstlog                         = 500
   nstcalcenergy                  = 100
   nstenergy                      = 500
   nstxout-compressed             = 0
   compressed-x-precision         = 1000
   cutoff-scheme                  = Verlet
   nstlist                        = 10
   pbc                            = xyz
   periodic-molecules             = false
   verlet-buffer-tolerance        = 0.005
   verlet-buffer-pressure-tolerance = 0.5
   rlist                          = 1.4
   coulombtype                    = PME
   coulomb-modifier               = Potential-shift
   rcoulomb-switch                = 0
   rcoulomb                       = 1.4
   epsilon-r                      = 1
   epsilon-rf                     = inf
   vdw-type                       = Cut-off
   vdw-modifier                   = Potential-shift
   rvdw-switch                    = 0
   rvdw                           = 1.4
   DispCorr                       = EnerPres
   table-extension                = 1
   fourierspacing                 = 0.16
   fourier-nx                     = 96
   fourier-ny                     = 96
   fourier-nz                     = 96
   pme-order                      = 4
   ewald-rtol                     = 1e-05
   ewald-rtol-lj                  = 0.001
   lj-pme-comb-rule               = Geometric
   ewald-geometry                 = 3d
   epsilon-surface                = 0
   ensemble-temperature-setting   = constant
   ensemble-temperature           = 300
   tcoupl                         = V-rescale
   nsttcouple                     = 10
   nh-chain-length                = 0
   print-nose-hoover-chain-variables = false
   pcoupl                         = No
   refcoord-scaling               = No
   posres-com (3):
      posres-com[0]= 0.00000e+00
      posres-com[1]= 0.00000e+00
      posres-com[2]= 0.00000e+00
   posres-comB (3):
      posres-comB[0]= 0.00000e+00
      posres-comB[1]= 0.00000e+00
      posres-comB[2]= 0.00000e+00
   QMMM                           = false
qm-opts:
   ngQM                           = 0
   constraint-algorithm           = Lincs
   continuation                   = false
   Shake-SOR                      = false
   shake-tol                      = 0.0001
   lincs-order                    = 4
   lincs-iter                     = 1
   lincs-warnangle                = 30
   nwall                          = 0
   wall-type                      = 9-3
   wall-r-linpot                  = -1
   wall-atomtype[0]               = -1
   wall-atomtype[1]               = -1
   wall-density[0]                = 0
   wall-density[1]                = 0
   wall-ewald-zfac                = 3
   pull                           = false
   awh                            = false
   rotation                       = false
   interactiveMD                  = false
   disre                          = No
   disre-weighting                = Conservative
   disre-mixed                    = false
   dr-fc                          = 1000
   dr-tau                         = 0
   nstdisreout                    = 100
   orire-fc                       = 0
   orire-tau                      = 0
   nstorireout                    = 100
   free-energy                    = no
   cos-acceleration               = 0
   deform (3x3):
      deform[    0]={ 0.00000e+00,  0.00000e+00,  0.00000e+00}
      deform[    1]={ 0.00000e+00,  0.00000e+00,  0.00000e+00}
      deform[    2]={ 0.00000e+00,  0.00000e+00,  0.00000e+00}
   simulated-tempering            = false
   swapcoords                     = no
   userint1                       = 0
   userint2                       = 0
   userint3                       = 0
   userint4                       = 0
   userreal1                      = 0
   userreal2                      = 0
   userreal3                      = 0
   userreal4                      = 0
   applied-forces:
     electric-field:
       x:
         E0                       = 0
         omega                    = 0
         t0                       = 0
         sigma                    = 0
       y:
         E0                       = 0
         omega                    = 0
         t0                       = 0
         sigma                    = 0
       z:
         E0                       = 0
         omega                    = 0
         t0                       = 0
         sigma                    = 0
     density-guided-simulation:
       active                     = false
       group                      = protein
       similarity-measure         = inner-product
       atom-spreading-weight      = unity
       force-constant             = 1e+09
       gaussian-transform-spreading-width = 0.2
       gaussian-transform-spreading-range-in-multiples-of-width = 4
       reference-density-filename = reference.mrc
       nst                        = 1
       normalize-densities        = true
       adaptive-force-scaling     = false
       adaptive-force-scaling-time-constant = 4
       shift-vector               = 
       transformation-matrix      = 
     qmmm-cp2k:
       active                     = false
       qmgroup                    = System
       qmmethod                   = PBE
       qmfilenames                = 
       qmcharge                   = 0
       qmmultiplicity             = 1
     colvars:
       active                     = false
       configfile                 = 
       seed                       = -1
grpopts:
   nrdf:     27627.8      325035
   ref-t:         300         300
   tau-t:         0.1         0.1
annealing:          No          No
annealing-npoints:           0           0
   acc:	           0           0           0
   nfreeze:           N           N           N
   energygrp-flags[  0]: 0 0 0
   energygrp-flags[  1]: 0 0 0
   energygrp-flags[  2]: 0 0 0

Changing nstlist from 10 to 100, rlist from 1.4 to 1.53


Update groups can not be used for this system because there are three or more consecutively coupled constraints

Initializing Domain Decomposition on 1 ranks
Dynamic load balancing: auto
Minimum cell size due to atom displacement: 0.754 nm
Initial maximum distances in bonded interactions:
    two-body bonded interactions: 0.423 nm, LJ-14, atoms 11837 11845
  multi-body bonded interactions: 0.423 nm, Proper Dih., atoms 11837 11845
Minimum cell size due to bonded interactions: 0.465 nm
Maximum distance for 5 constraints, at 120 deg. angles, all-trans: 0.819 nm
Estimated maximum distance required for P-LINCS: 0.819 nm
This distance will limit the DD cell size, you can override this with -rcon
Using 0 separate PME ranks because: there are too few total ranks for efficient splitting
Optimizing the DD grid for 1 cells with a minimum initial size of 0.819 nm
The maximum allowed number of cells is: X 13 Y 13 Z 11
Domain decomposition grid 1 x 1 x 1, separate PME ranks 0
PME domain decomposition: 1 x 1 x 1

The initial number of communication pulses is:
The initial domain decomposition cell size is:

The maximum allowed distance for atoms involved in interactions is:
                 non-bonded interactions           1.530 nm
            two-body bonded interactions  (-rdd)   1.530 nm
          multi-body bonded interactions  (-rdd)   1.530 nm
  atoms separated by up to 5 constraints  (-rcon)  9.626 nm

When dynamic load balancing gets turned on, these settings will change to:
The maximum number of communication pulses is:
The minimum size for domain decomposition cells is 1.530 nm
The requested allowed shrink of DD cells (option -dds) is: 0.80
The allowed shrink of domain decomposition cells is:
The maximum allowed distance for atoms involved in interactions is:
                 non-bonded interactions           1.530 nm
            two-body bonded interactions  (-rdd)   1.530 nm
          multi-body bonded interactions  (-rdd)   1.530 nm
  atoms separated by up to 5 constraints  (-rcon)  1.530 nm

Using 1 MPI thread
Using 8 OpenMP threads 

System total charge: 0.000
Will do PME sum in reciprocal space for electrostatic interactions.

++++ PLEASE READ AND CITE THE FOLLOWING REFERENCE ++++
U. Essmann, L. Perera, M. L. Berkowitz, T. Darden, H. Lee and L. G. Pedersen 
A smooth particle mesh Ewald method
J. Chem. Phys. 103 (1995) pp. 8577-8592
-------- -------- --- Thank You --- -------- --------

Using a Gaussian width (1/beta) of 0.448228 nm for Ewald
Potential shift: LJ r^-12: -1.764e-02 r^-6: -1.328e-01, Ewald -7.143e-06
Initialized non-bonded Coulomb Ewald tables, spacing: 1.10e-03 size: 1270

Generated table with 1265 data points for 1-4 COUL.
Tabscale = 500 points/nm
Generated table with 1265 data points for 1-4 LJ6.
Tabscale = 500 points/nm
Generated table with 1265 data points for 1-4 LJ12.
Tabscale = 500 points/nm
Long Range LJ corr.: <C6> 3.1633e-04


Using SIMD4xM 4x8 nonbonded short-range kernels

Using a dual 4x8 pair-list setup updated with dynamic pruning:
  outer list: updated every 100 steps, buffer 0.130 nm, rlist 1.530 nm
  inner list: updated every  13 steps, buffer 0.000 nm, rlist 1.400 nm
At tolerance 0.005 kJ/mol/ps per atom, equivalent classical 1x1 list would be:
  outer list: updated every 100 steps, buffer 0.286 nm, rlist 1.686 nm
  inner list: updated every  13 steps, buffer 0.050 nm, rlist 1.450 nm

The average pressure is off by at most 0.24 bar due to missing LJ interactions

Using Lorentz-Berthelot Lennard-Jones combination rule
Removing pbc first time

Linking all bonded interactions to atoms


NOTE: OS CPU limit is lower than logical cpu count, thread pinning disabled.

Initializing Parallel LINear Constraint Solver

++++ PLEASE READ AND CITE THE FOLLOWING REFERENCE ++++
B. Hess
P-LINCS: A Parallel Linear Constraint Solver for molecular simulation
J. Chem. Theory Comput. 4 (2008) pp. 116-122
-------- -------- --- Thank You --- -------- --------

The number of constraints is 14051
There are constraints between atoms in different decomposition domains,
will communicate selected coordinates each lincs iteration

++++ PLEASE READ AND CITE THE FOLLOWING REFERENCE ++++
S. Miyamoto and P. A. Kollman
SETTLE: An Analytical Version of the SHAKE and RATTLE Algorithms for Rigid
Water Models
J. Comp. Chem. 13 (1992) pp. 952-962
-------- -------- --- Thank You --- -------- --------


++++ PLEASE READ AND CITE THE FOLLOWING REFERENCE ++++
G. Bussi, D. Donadio and M. Parrinello
Canonical sampling through velocity rescaling
J. Chem. Phys. 126 (2007) pp. 014101
-------- -------- --- Thank You --- -------- --------

There are: 176228 Atoms

Atom distribution over 1 domains: av 176228 stddev 0 min 176228 max 176228

Constraining the starting coordinates (step 0)

Constraining the coordinates at t0-dt (step 0)
Center of mass motion removal mode is Linear
We have the following groups for center of mass motion removal:
  0:  rest
RMS relative constraint deviation after constraining: 4.90e-05
Initial temperature: 299.893 K

Started mdrun on rank 0 Thu Apr 16 23:04:52 2026

           Step           Time
              0        0.00000

   Energies (kJ/mol)
          Angle    Proper Dih. Per. Imp. Dih.          LJ-14     Coulomb-14
    1.21371e+04    3.29904e+04    5.04547e+02    1.26246e+04    1.55837e+05
        LJ (SR)  Disper. corr.   Coulomb (SR)   Coul. recip. Position Rest.
    3.70152e+05   -8.40391e+03   -3.46647e+06    8.68762e+03    6.40646e+00
      Potential    Kinetic En.   Total Energy  Conserved En.    Temperature
   -2.88194e+06    4.39736e+05   -2.44220e+06   -2.44220e+06    2.99936e+02
 Pres. DC (bar) Pressure (bar)   Constr. rmsd
   -7.82708e+01   -5.94089e+03    5.51393e-05

           Step           Time
            500        1.00000

   Energies (kJ/mol)
          Angle    Proper Dih. Per. Imp. Dih.          LJ-14     Coulomb-14
    2.84654e+04    3.65576e+04    1.87982e+03    1.55303e+04    1.58250e+05
        LJ (SR)  Disper. corr.   Coulomb (SR)   Coul. recip. Position Rest.
    3.11832e+05   -8.40391e+03   -2.97614e+06    5.59154e+03    3.57501e+03
      Potential    Kinetic En.   Total Energy  Conserved En.    Temperature
   -2.42286e+06    4.33936e+05   -1.98893e+06   -2.43811e+06    2.95980e+02
 Pres. DC (bar) Pressure (bar)   Constr. rmsd
   -7.82708e+01    2.98423e+02    2.75699e-05

           Step           Time
           1000        2.00000

   Energies (kJ/mol)
          Angle    Proper Dih. Per. Imp. Dih.          LJ-14     Coulomb-14
    2.88115e+04    3.64955e+04    1.82520e+03    1.55464e+04    1.58187e+05
        LJ (SR)  Disper. corr.   Coulomb (SR)   Coul. recip. Position Rest.
    3.03542e+05   -8.40391e+03   -2.95642e+06    5.59827e+03    3.39862e+03
      Potential    Kinetic En.   Total Energy  Conserved En.    Temperature
   -2.41142e+06    4.41107e+05   -1.97032e+06   -2.43837e+06    3.00871e+02
 Pres. DC (bar) Pressure (bar)   Constr. rmsd
   -7.82708e+01    1.09464e+02    2.70554e-05

           Step           Time
           1500        3.00000

   Energies (kJ/mol)
          Angle    Proper Dih. Per. Imp. Dih.          LJ-14     Coulomb-14
    2.86510e+04    3.65810e+04    1.86058e+03    1.55771e+04    1.58069e+05
        LJ (SR)  Disper. corr.   Coulomb (SR)   Coul. recip. Position Rest.
    3.03457e+05   -8.40391e+03   -2.95669e+06    5.60747e+03    3.24976e+03
      Potential    Kinetic En.   Total Energy  Conserved En.    Temperature
   -2.41204e+06    4.40279e+05   -1.97176e+06   -2.43844e+06    3.00306e+02
 Pres. DC (bar) Pressure (bar)   Constr. rmsd
   -7.82708e+01   -2.04971e+02    2.72263e-05

           Step           Time
           2000        4.00000

   Energies (kJ/mol)
          Angle    Proper Dih. Per. Imp. Dih.          LJ-14     Coulomb-14
    2.90551e+04    3.65429e+04    1.88223e+03    1.54546e+04    1.57816e+05
        LJ (SR)  Disper. corr.   Coulomb (SR)   Coul. recip. Position Rest.
    3.01026e+05   -8.40391e+03   -2.95244e+06    5.57474e+03    3.29302e+03
      Potential    Kinetic En.   Total Energy  Conserved En.    Temperature
   -2.41020e+06    4.38972e+05   -1.97123e+06   -2.43867e+06    2.99414e+02
 Pres. DC (bar) Pressure (bar)   Constr. rmsd
   -7.82708e+01   -2.25841e+02    2.76564e-05

           Step           Time
           2500        5.00000

   Energies (kJ/mol)
          Angle    Proper Dih. Per. Imp. Dih.          LJ-14     Coulomb-14
    2.86785e+04    3.63360e+04    1.81102e+03    1.55378e+04    1.57924e+05
        LJ (SR)  Disper. corr.   Coulomb (SR)   Coul. recip. Position Rest.
    3.01387e+05   -8.40391e+03   -2.95481e+06    5.57128e+03    3.25575e+03
      Potential    Kinetic En.   Total Energy  Conserved En.    Temperature
   -2.41272e+06    4.40449e+05   -1.97227e+06   -2.43882e+06    3.00422e+02
 Pres. DC (bar) Pressure (bar)   Constr. rmsd
   -7.82708e+01   -2.52143e+02    2.71473e-05

           Step           Time
           3000        6.00000

   Energies (kJ/mol)
          Angle    Proper Dih. Per. Imp. Dih.          LJ-14     Coulomb-14
    2.85071e+04    3.64182e+04    1.74722e+03    1.55627e+04    1.58319e+05
        LJ (SR)  Disper. corr.   Coulomb (SR)   Coul. recip. Position Rest.
    3.01605e+05   -8.40391e+03   -2.95670e+06    5.67860e+03    3.26117e+03
      Potential    Kinetic En.   Total Energy  Conserved En.    Temperature
   -2.41401e+06    4.39272e+05   -1.97474e+06   -2.43898e+06    2.99619e+02
 Pres. DC (bar) Pressure (bar)   Constr. rmsd
   -7.82708e+01   -2.98643e+02    2.71331e-05

           Step           Time
           3500        7.00000

   Energies (kJ/mol)
          Angle    Proper Dih. Per. Imp. Dih.          LJ-14     Coulomb-14
    2.89646e+04    3.63564e+04    1.95125e+03    1.55532e+04    1.57949e+05
        LJ (SR)  Disper. corr.   Coulomb (SR)   Coul. recip. Position Rest.
    3.02213e+05   -8.40391e+03   -2.95911e+06    5.70381e+03    3.29504e+03
      Potential    Kinetic En.   Total Energy  Conserved En.    Temperature
   -2.41552e+06    4.39443e+05   -1.97608e+06   -2.43917e+06    2.99735e+02
 Pres. DC (bar) Pressure (bar)   Constr. rmsd
   -7.82708e+01   -3.87245e+02    2.69640e-05

           Step           Time
           4000        8.00000

   Energies (kJ/mol)
          Angle    Proper Dih. Per. Imp. Dih.          LJ-14     Coulomb-14
    2.87728e+04    3.63147e+04    1.86100e+03    1.54582e+04    1.58140e+05
        LJ (SR)  Disper. corr.   Coulomb (SR)   Coul. recip. Position Rest.
    3.02576e+05   -8.40391e+03   -2.95920e+06    5.57629e+03    3.33843e+03
      Potential    Kinetic En.   Total Energy  Conserved En.    Temperature
   -2.41556e+06    4.39778e+05   -1.97579e+06   -2.43918e+06    2.99964e+02
 Pres. DC (bar) Pressure (bar)   Constr. rmsd
   -7.82708e+01   -1.55051e+02    2.71042e-05

           Step           Time
           4500        9.00000

   Energies (kJ/mol)
          Angle    Proper Dih. Per. Imp. Dih.          LJ-14     Coulomb-14
    2.85496e+04    3.64576e+04    1.86619e+03    1.55321e+04    1.57981e+05
        LJ (SR)  Disper. corr.   Coulomb (SR)   Coul. recip. Position Rest.
    3.00491e+05   -8.40391e+03   -2.95751e+06    5.61478e+03    3.26474e+03
      Potential    Kinetic En.   Total Energy  Conserved En.    Temperature
   -2.41616e+06    4.39161e+05   -1.97699e+06   -2.43943e+06    2.99543e+02
 Pres. DC (bar) Pressure (bar)   Constr. rmsd
   -7.82708e+01   -4.52829e+02    2.73191e-05

           Step           Time
           5000       10.00000

   Energies (kJ/mol)
          Angle    Proper Dih. Per. Imp. Dih.          LJ-14     Coulomb-14
    2.89922e+04    3.64234e+04    1.88215e+03    1.54725e+04    1.57981e+05
        LJ (SR)  Disper. corr.   Coulomb (SR)   Coul. recip. Position Rest.
    3.02342e+05   -8.40391e+03   -2.95880e+06    5.55820e+03    3.18655e+03
      Potential    Kinetic En.   Total Energy  Conserved En.    Temperature
   -2.41536e+06    4.39228e+05   -1.97613e+06   -2.43959e+06    2.99589e+02
 Pres. DC (bar) Pressure (bar)   Constr. rmsd
   -7.82708e+01   -3.95139e+02    2.70288e-05

           Step           Time
           5500       11.00000

   Energies (kJ/mol)
          Angle    Proper Dih. Per. Imp. Dih.          LJ-14     Coulomb-14
    2.87657e+04    3.64753e+04    1.81242e+03    1.54176e+04    1.58060e+05
        LJ (SR)  Disper. corr.   Coulomb (SR)   Coul. recip. Position Rest.
    3.01381e+05   -8.40391e+03   -2.95746e+06    5.51702e+03    3.30911e+03
      Potential    Kinetic En.   Total Energy  Conserved En.    Temperature
   -2.41512e+06    4.39783e+05   -1.97534e+06   -2.43978e+06    2.99968e+02
 Pres. DC (bar) Pressure (bar)   Constr. rmsd
   -7.82708e+01   -4.74058e+02    2.71116e-05

           Step           Time
           6000       12.00000

   Energies (kJ/mol)
          Angle    Proper Dih. Per. Imp. Dih.          LJ-14     Coulomb-14
    2.91223e+04    3.64964e+04    1.88795e+03    1.52622e+04    1.57785e+05
        LJ (SR)  Disper. corr.   Coulomb (SR)   Coul. recip. Position Rest.
    3.01773e+05   -8.40391e+03   -2.95676e+06    5.55651e+03    3.22099e+03
      Potential    Kinetic En.   Total Energy  Conserved En.    Temperature
   -2.41406e+06    4.39603e+05   -1.97446e+06   -2.43978e+06    2.99845e+02
 Pres. DC (bar) Pressure (bar)   Constr. rmsd
   -7.82708e+01   -2.62412e+02    2.85862e-05

           Step           Time
           6500       13.00000

   Energies (kJ/mol)
          Angle    Proper Dih. Per. Imp. Dih.          LJ-14     Coulomb-14
    2.93447e+04    3.62682e+04    1.89762e+03    1.55141e+04    1.57954e+05
        LJ (SR)  Disper. corr.   Coulomb (SR)   Coul. recip. Position Rest.
    3.00863e+05   -8.40391e+03   -2.95638e+06    5.66233e+03    3.23939e+03
      Potential    Kinetic En.   Total Energy  Conserved En.    Temperature
   -2.41404e+06    4.40291e+05   -1.97375e+06   -2.43994e+06    3.00314e+02
 Pres. DC (bar) Pressure (bar)   Constr. rmsd
   -7.82708e+01   -2.32722e+02    2.63431e-05

           Step           Time
           7000       14.00000

   Energies (kJ/mol)
          Angle    Proper Dih. Per. Imp. Dih.          LJ-14     Coulomb-14
    2.89781e+04    3.63694e+04    1.86021e+03    1.54683e+04    1.58002e+05
        LJ (SR)  Disper. corr.   Coulomb (SR)   Coul. recip. Position Rest.
    3.03039e+05   -8.40391e+03   -2.95844e+06    5.60571e+03    3.32413e+03
      Potential    Kinetic En.   Total Energy  Conserved En.    Temperature
   -2.41420e+06    4.39930e+05   -1.97427e+06   -2.44010e+06    3.00068e+02
 Pres. DC (bar) Pressure (bar)   Constr. rmsd
   -7.82708e+01   -4.83341e+01    2.69926e-05

           Step           Time
           7500       15.00000

   Energies (kJ/mol)
          Angle    Proper Dih. Per. Imp. Dih.          LJ-14     Coulomb-14
    2.92945e+04    3.62435e+04    1.83312e+03    1.55763e+04    1.58507e+05
        LJ (SR)  Disper. corr.   Coulomb (SR)   Coul. recip. Position Rest.
    3.02700e+05   -8.40391e+03   -2.95687e+06    5.54306e+03    3.24357e+03
      Potential    Kinetic En.   Total Energy  Conserved En.    Temperature
   -2.41233e+06    4.39654e+05   -1.97268e+06   -2.44030e+06    2.99880e+02
 Pres. DC (bar) Pressure (bar)   Constr. rmsd
   -7.82708e+01   -8.63289e+01    2.69492e-05

           Step           Time
           8000       16.00000

   Energies (kJ/mol)
          Angle    Proper Dih. Per. Imp. Dih.          LJ-14     Coulomb-14
    2.91413e+04    3.59900e+04    1.72956e+03    1.53548e+04    1.57778e+05
        LJ (SR)  Disper. corr.   Coulomb (SR)   Coul. recip. Position Rest.
    3.01051e+05   -8.40391e+03   -2.95484e+06    5.48971e+03    3.49571e+03
      Potential    Kinetic En.   Total Energy  Conserved En.    Temperature
   -2.41321e+06    4.40055e+05   -1.97316e+06   -2.44047e+06    3.00153e+02
 Pres. DC (bar) Pressure (bar)   Constr. rmsd
   -7.82708e+01   -3.70300e+02    2.80844e-05

           Step           Time
           8500       17.00000

   Energies (kJ/mol)
          Angle    Proper Dih. Per. Imp. Dih.          LJ-14     Coulomb-14
    2.92490e+04    3.62998e+04    1.87696e+03    1.54802e+04    1.58499e+05
        LJ (SR)  Disper. corr.   Coulomb (SR)   Coul. recip. Position Rest.
    3.02982e+05   -8.40391e+03   -2.95849e+06    5.56626e+03    3.31282e+03
      Potential    Kinetic En.   Total Energy  Conserved En.    Temperature
   -2.41363e+06    4.41148e+05   -1.97248e+06   -2.44063e+06    3.00899e+02
 Pres. DC (bar) Pressure (bar)   Constr. rmsd
   -7.82708e+01   -4.10110e+02    2.73400e-05

           Step           Time
           9000       18.00000

   Energies (kJ/mol)
          Angle    Proper Dih. Per. Imp. Dih.          LJ-14     Coulomb-14
    2.93524e+04    3.62407e+04    1.81320e+03    1.55258e+04    1.58122e+05
        LJ (SR)  Disper. corr.   Coulomb (SR)   Coul. recip. Position Rest.
    3.00690e+05   -8.40391e+03   -2.95835e+06    5.45662e+03    3.54927e+03
      Potential    Kinetic En.   Total Energy  Conserved En.    Temperature
   -2.41600e+06    4.39672e+05   -1.97633e+06   -2.44080e+06    2.99892e+02
 Pres. DC (bar) Pressure (bar)   Constr. rmsd
   -7.82708e+01   -6.91715e+01    2.68101e-05

           Step           Time
           9500       19.00000

   Energies (kJ/mol)
          Angle    Proper Dih. Per. Imp. Dih.          LJ-14     Coulomb-14
    2.90408e+04    3.64106e+04    1.77744e+03    1.56198e+04    1.58517e+05
        LJ (SR)  Disper. corr.   Coulomb (SR)   Coul. recip. Position Rest.
    3.03693e+05   -8.40391e+03   -2.95830e+06    5.63247e+03    3.38816e+03
      Potential    Kinetic En.   Total Energy  Conserved En.    Temperature
   -2.41262e+06    4.40031e+05   -1.97259e+06   -2.44091e+06    3.00137e+02
 Pres. DC (bar) Pressure (bar)   Constr. rmsd
   -7.82708e+01   -3.28906e+02    2.64777e-05

           Step           Time
          10000       20.00000

   Energies (kJ/mol)
          Angle    Proper Dih. Per. Imp. Dih.          LJ-14     Coulomb-14
    2.88600e+04    3.64891e+04    1.81905e+03    1.53893e+04    1.57815e+05
        LJ (SR)  Disper. corr.   Coulomb (SR)   Coul. recip. Position Rest.
    3.02295e+05   -8.40391e+03   -2.95759e+06    5.63403e+03    3.48165e+03
      Potential    Kinetic En.   Total Energy  Conserved En.    Temperature
   -2.41421e+06    4.39919e+05   -1.97429e+06   -2.44116e+06    3.00060e+02
 Pres. DC (bar) Pressure (bar)   Constr. rmsd
   -7.82708e+01   -1.35129e+02    2.77633e-05

           Step           Time
          10500       21.00000

   Energies (kJ/mol)
          Angle    Proper Dih. Per. Imp. Dih.          LJ-14     Coulomb-14
    2.89182e+04    3.62846e+04    1.83740e+03    1.54180e+04    1.58143e+05
        LJ (SR)  Disper. corr.   Coulomb (SR)   Coul. recip. Position Rest.
    3.01455e+05   -8.40391e+03   -2.95706e+06    5.54238e+03    3.51036e+03
      Potential    Kinetic En.   Total Energy  Conserved En.    Temperature
   -2.41436e+06    4.38613e+05   -1.97574e+06   -2.44109e+06    2.99169e+02
 Pres. DC (bar) Pressure (bar)   Constr. rmsd
   -7.82708e+01   -2.89341e+01    2.70992e-05

           Step           Time
          11000       22.00000

   Energies (kJ/mol)
          Angle    Proper Dih. Per. Imp. Dih.          LJ-14     Coulomb-14
    2.92125e+04    3.64757e+04    1.82275e+03    1.53609e+04    1.58215e+05
        LJ (SR)  Disper. corr.   Coulomb (SR)   Coul. recip. Position Rest.
    3.02266e+05   -8.40391e+03   -2.95845e+06    5.53356e+03    3.39762e+03
      Potential    Kinetic En.   Total Energy  Conserved En.    Temperature
   -2.41457e+06    4.40334e+05   -1.97424e+06   -2.44132e+06    3.00343e+02
 Pres. DC (bar) Pressure (bar)   Constr. rmsd
   -7.82708e+01   -8.11248e+01    2.76438e-05

           Step           Time
          11500       23.00000

   Energies (kJ/mol)
          Angle    Proper Dih. Per. Imp. Dih.          LJ-14     Coulomb-14
    2.90265e+04    3.62452e+04    1.85752e+03    1.55628e+04    1.58556e+05
        LJ (SR)  Disper. corr.   Coulomb (SR)   Coul. recip. Position Rest.
    2.98418e+05   -8.40391e+03   -2.95537e+06    5.40339e+03    3.26855e+03
      Potential    Kinetic En.   Total Energy  Conserved En.    Temperature
   -2.41544e+06    4.39781e+05   -1.97566e+06   -2.44150e+06    2.99966e+02
 Pres. DC (bar) Pressure (bar)   Constr. rmsd
   -7.82708e+01   -9.07845e+01    2.65114e-05

           Step           Time
          12000       24.00000

   Energies (kJ/mol)
          Angle    Proper Dih. Per. Imp. Dih.          LJ-14     Coulomb-14
    2.87165e+04    3.63966e+04    1.80166e+03    1.56063e+04    1.58485e+05
        LJ (SR)  Disper. corr.   Coulomb (SR)   Coul. recip. Position Rest.
    3.04329e+05   -8.40391e+03   -2.96275e+06    5.66424e+03    3.34385e+03
      Potential    Kinetic En.   Total Energy  Conserved En.    Temperature
   -2.41681e+06    4.42117e+05   -1.97470e+06   -2.44163e+06    3.01559e+02
 Pres. DC (bar) Pressure (bar)   Constr. rmsd
   -7.82708e+01    2.06798e+00    2.60734e-05

           Step           Time
          12500       25.00000

   Energies (kJ/mol)
          Angle    Proper Dih. Per. Imp. Dih.          LJ-14     Coulomb-14
    2.88147e+04    3.63981e+04    1.77496e+03    1.55430e+04    1.58459e+05
        LJ (SR)  Disper. corr.   Coulomb (SR)   Coul. recip. Position Rest.
    3.01475e+05   -8.40391e+03   -2.95870e+06    5.60546e+03    3.28068e+03
      Potential    Kinetic En.   Total Energy  Conserved En.    Temperature
   -2.41575e+06    4.40809e+05   -1.97494e+06   -2.44184e+06    3.00667e+02
 Pres. DC (bar) Pressure (bar)   Constr. rmsd
   -7.82708e+01   -4.08149e+02    2.68980e-05

           Step           Time
          13000       26.00000

   Energies (kJ/mol)
          Angle    Proper Dih. Per. Imp. Dih.          LJ-14     Coulomb-14
    2.88582e+04    3.62831e+04    1.74642e+03    1.54434e+04    1.58131e+05
        LJ (SR)  Disper. corr.   Coulomb (SR)   Coul. recip. Position Rest.
    3.00827e+05   -8.40391e+03   -2.95653e+06    5.62762e+03    3.32923e+03
      Potential    Kinetic En.   Total Energy  Conserved En.    Temperature
   -2.41469e+06    4.37978e+05   -1.97671e+06   -2.44202e+06    2.98736e+02
 Pres. DC (bar) Pressure (bar)   Constr. rmsd
   -7.82708e+01   -3.05621e+01    2.73384e-05

           Step           Time
          13500       27.00000

   Energies (kJ/mol)
          Angle    Proper Dih. Per. Imp. Dih.          LJ-14     Coulomb-14
    2.85514e+04    3.63274e+04    1.90019e+03    1.55907e+04    1.58365e+05
        LJ (SR)  Disper. corr.   Coulomb (SR)   Coul. recip. Position Rest.
    3.04483e+05   -8.40391e+03   -2.96185e+06    5.51020e+03    3.28567e+03
      Potential    Kinetic En.   Total Energy  Conserved En.    Temperature
   -2.41624e+06    4.38767e+05   -1.97748e+06   -2.44210e+06    2.99275e+02
 Pres. DC (bar) Pressure (bar)   Constr. rmsd
   -7.82708e+01   -3.88747e+02    2.68383e-05

           Step           Time
          14000       28.00000

   Energies (kJ/mol)
          Angle    Proper Dih. Per. Imp. Dih.          LJ-14     Coulomb-14
    2.90388e+04    3.63970e+04    1.85313e+03    1.55048e+04    1.58317e+05
        LJ (SR)  Disper. corr.   Coulomb (SR)   Coul. recip. Position Rest.
    3.00251e+05   -8.40391e+03   -2.95631e+06    5.50749e+03    3.31041e+03
      Potential    Kinetic En.   Total Energy  Conserved En.    Temperature
   -2.41453e+06    4.39231e+05   -1.97530e+06   -2.44222e+06    2.99591e+02
 Pres. DC (bar) Pressure (bar)   Constr. rmsd
   -7.82708e+01   -3.14832e+01    2.62458e-05

           Step           Time
          14500       29.00000

   Energies (kJ/mol)
          Angle    Proper Dih. Per. Imp. Dih.          LJ-14     Coulomb-14
    2.93186e+04    3.64586e+04    1.81729e+03    1.54774e+04    1.57983e+05
        LJ (SR)  Disper. corr.   Coulomb (SR)   Coul. recip. Position Rest.
    3.01267e+05   -8.40391e+03   -2.95543e+06    5.49823e+03    3.36779e+03
      Potential    Kinetic En.   Total Energy  Conserved En.    Temperature
   -2.41265e+06    4.40486e+05   -1.97216e+06   -2.44235e+06    3.00447e+02
 Pres. DC (bar) Pressure (bar)   Constr. rmsd
   -7.82708e+01   -3.66356e+02    2.65031e-05

           Step           Time
          15000       30.00000

   Energies (kJ/mol)
          Angle    Proper Dih. Per. Imp. Dih.          LJ-14     Coulomb-14
    2.90841e+04    3.62748e+04    1.75343e+03    1.55295e+04    1.58570e+05
        LJ (SR)  Disper. corr.   Coulomb (SR)   Coul. recip. Position Rest.
    3.01503e+05   -8.40391e+03   -2.95682e+06    5.59617e+03    3.22194e+03
      Potential    Kinetic En.   Total Energy  Conserved En.    Temperature
   -2.41370e+06    4.37606e+05   -1.97609e+06   -2.44264e+06    2.98483e+02
 Pres. DC (bar) Pressure (bar)   Constr. rmsd
   -7.82708e+01   -4.41574e+02    2.75646e-05

           Step           Time
          15500       31.00000

   Energies (kJ/mol)
          Angle    Proper Dih. Per. Imp. Dih.          LJ-14     Coulomb-14
    2.92464e+04    3.63825e+04    1.76673e+03    1.54090e+04    1.57889e+05
        LJ (SR)  Disper. corr.   Coulomb (SR)   Coul. recip. Position Rest.
    3.00215e+05   -8.40391e+03   -2.95738e+06    5.51839e+03    3.31601e+03
      Potential    Kinetic En.   Total Energy  Conserved En.    Temperature
   -2.41604e+06    4.38938e+05   -1.97710e+06   -2.44263e+06    2.99391e+02
 Pres. DC (bar) Pressure (bar)   Constr. rmsd
   -7.82708e+01   -3.93211e+02    2.77093e-05

           Step           Time
          16000       32.00000

   Energies (kJ/mol)
          Angle    Proper Dih. Per. Imp. Dih.          LJ-14     Coulomb-14
    2.96239e+04    3.63273e+04    1.78701e+03    1.54529e+04    1.58188e+05
        LJ (SR)  Disper. corr.   Coulomb (SR)   Coul. recip. Position Rest.
    2.98430e+05   -8.40391e+03   -2.95366e+06    5.48046e+03    3.26784e+03
      Potential    Kinetic En.   Total Energy  Conserved En.    Temperature
   -2.41351e+06    4.41613e+05   -1.97189e+06   -2.44290e+06    3.01216e+02
 Pres. DC (bar) Pressure (bar)   Constr. rmsd
   -7.82708e+01   -5.21563e+02    2.77291e-05

           Step           Time
          16500       33.00000

   Energies (kJ/mol)
          Angle    Proper Dih. Per. Imp. Dih.          LJ-14     Coulomb-14
    2.88878e+04    3.62153e+04    1.66278e+03    1.55073e+04    1.58081e+05
        LJ (SR)  Disper. corr.   Coulomb (SR)   Coul. recip. Position Rest.
    3.03064e+05   -8.40391e+03   -2.96075e+06    5.43998e+03    3.22819e+03
      Potential    Kinetic En.   Total Energy  Conserved En.    Temperature
   -2.41706e+06    4.40023e+05   -1.97704e+06   -2.44305e+06    3.00131e+02
 Pres. DC (bar) Pressure (bar)   Constr. rmsd
   -7.82708e+01   -3.93883e+02    2.65127e-05

           Step           Time
          17000       34.00000

   Energies (kJ/mol)
          Angle    Proper Dih. Per. Imp. Dih.          LJ-14     Coulomb-14
    2.88979e+04    3.59617e+04    1.74002e+03    1.56109e+04    1.58144e+05
        LJ (SR)  Disper. corr.   Coulomb (SR)   Coul. recip. Position Rest.
    3.05250e+05   -8.40391e+03   -2.96286e+06    5.41979e+03    3.42188e+03
      Potential    Kinetic En.   Total Energy  Conserved En.    Temperature
   -2.41682e+06    4.39094e+05   -1.97772e+06   -2.44302e+06    2.99498e+02
 Pres. DC (bar) Pressure (bar)   Constr. rmsd
   -7.82708e+01   -3.41457e+02    2.69323e-05

           Step           Time
          17500       35.00000

   Energies (kJ/mol)
          Angle    Proper Dih. Per. Imp. Dih.          LJ-14     Coulomb-14
    2.93591e+04    3.64016e+04    1.81677e+03    1.54427e+04    1.58497e+05
        LJ (SR)  Disper. corr.   Coulomb (SR)   Coul. recip. Position Rest.
    3.02894e+05   -8.40391e+03   -2.96093e+06    5.54522e+03    3.23856e+03
      Potential    Kinetic En.   Total Energy  Conserved En.    Temperature
   -2.41614e+06    4.39846e+05   -1.97629e+06   -2.44334e+06    3.00010e+02
 Pres. DC (bar) Pressure (bar)   Constr. rmsd
   -7.82708e+01   -4.79041e+02    2.72470e-05

           Step           Time
          18000       36.00000

   Energies (kJ/mol)
          Angle    Proper Dih. Per. Imp. Dih.          LJ-14     Coulomb-14
    2.90787e+04    3.62462e+04    1.72567e+03    1.55018e+04    1.58019e+05
        LJ (SR)  Disper. corr.   Coulomb (SR)   Coul. recip. Position Rest.
    3.01310e+05   -8.40391e+03   -2.95688e+06    5.49195e+03    3.33133e+03
      Potential    Kinetic En.   Total Energy  Conserved En.    Temperature
   -2.41458e+06    4.39944e+05   -1.97463e+06   -2.44356e+06    3.00078e+02
 Pres. DC (bar) Pressure (bar)   Constr. rmsd
   -7.82708e+01   -1.63730e+02    2.72053e-05

           Step           Time
          18500       37.00000

   Energies (kJ/mol)
          Angle    Proper Dih. Per. Imp. Dih.          LJ-14     Coulomb-14
    2.91307e+04    3.62504e+04    1.83279e+03    1.56764e+04    1.58462e+05
        LJ (SR)  Disper. corr.   Coulomb (SR)   Coul. recip. Position Rest.
    2.99891e+05   -8.40391e+03   -2.95736e+06    5.55466e+03    3.10646e+03
      Potential    Kinetic En.   Total Energy  Conserved En.    Temperature
   -2.41585e+06    4.39584e+05   -1.97627e+06   -2.44363e+06    2.99832e+02
 Pres. DC (bar) Pressure (bar)   Constr. rmsd
   -7.82708e+01   -2.42662e+02    2.57442e-05

           Step           Time
          19000       38.00000

   Energies (kJ/mol)
          Angle    Proper Dih. Per. Imp. Dih.          LJ-14     Coulomb-14
    2.89315e+04    3.65572e+04    1.88953e+03    1.54755e+04    1.58116e+05
        LJ (SR)  Disper. corr.   Coulomb (SR)   Coul. recip. Position Rest.
    3.01233e+05   -8.40391e+03   -2.95735e+06    5.49872e+03    3.27380e+03
      Potential    Kinetic En.   Total Energy  Conserved En.    Temperature
   -2.41478e+06    4.39057e+05   -1.97573e+06   -2.44379e+06    2.99472e+02
 Pres. DC (bar) Pressure (bar)   Constr. rmsd
   -7.82708e+01   -4.65235e+02    2.71478e-05

           Step           Time
          19500       39.00000

   Energies (kJ/mol)
          Angle    Proper Dih. Per. Imp. Dih.          LJ-14     Coulomb-14
    2.91129e+04    3.59688e+04    1.72194e+03    1.54177e+04    1.58039e+05
        LJ (SR)  Disper. corr.   Coulomb (SR)   Coul. recip. Position Rest.
    2.99281e+05   -8.40391e+03   -2.95575e+06    5.54065e+03    3.39171e+03
      Potential    Kinetic En.   Total Energy  Conserved En.    Temperature
   -2.41568e+06    4.39399e+05   -1.97628e+06   -2.44401e+06    2.99706e+02
 Pres. DC (bar) Pressure (bar)   Constr. rmsd
   -7.82708e+01   -1.30133e+02    2.72394e-05

           Step           Time
          20000       40.00000

   Energies (kJ/mol)
          Angle    Proper Dih. Per. Imp. Dih.          LJ-14     Coulomb-14
    2.90127e+04    3.65670e+04    1.81728e+03    1.55893e+04    1.58308e+05
        LJ (SR)  Disper. corr.   Coulomb (SR)   Coul. recip. Position Rest.
    3.02221e+05   -8.40391e+03   -2.95675e+06    5.55940e+03    3.27130e+03
      Potential    Kinetic En.   Total Energy  Conserved En.    Temperature
   -2.41281e+06    4.39280e+05   -1.97353e+06   -2.44413e+06    2.99624e+02
 Pres. DC (bar) Pressure (bar)   Constr. rmsd
   -7.82708e+01   -6.40284e+01    2.75382e-05

           Step           Time
          20500       41.00000

   Energies (kJ/mol)
          Angle    Proper Dih. Per. Imp. Dih.          LJ-14     Coulomb-14
    2.90002e+04    3.63498e+04    1.80023e+03    1.55523e+04    1.58140e+05
        LJ (SR)  Disper. corr.   Coulomb (SR)   Coul. recip. Position Rest.
    3.02474e+05   -8.40391e+03   -2.95742e+06    5.50869e+03    3.35962e+03
      Potential    Kinetic En.   Total Energy  Conserved En.    Temperature
   -2.41364e+06    4.39485e+05   -1.97415e+06   -2.44424e+06    2.99764e+02
 Pres. DC (bar) Pressure (bar)   Constr. rmsd
   -7.82708e+01   -3.90038e+02    2.77481e-05

           Step           Time
          21000       42.00000

   Energies (kJ/mol)
          Angle    Proper Dih. Per. Imp. Dih.          LJ-14     Coulomb-14
    2.96399e+04    3.63964e+04    1.82098e+03    1.53717e+04    1.58334e+05
        LJ (SR)  Disper. corr.   Coulomb (SR)   Coul. recip. Position Rest.
    2.99107e+05   -8.40391e+03   -2.95327e+06    5.51733e+03    3.33860e+03
      Potential    Kinetic En.   Total Energy  Conserved En.    Temperature
   -2.41215e+06    4.38683e+05   -1.97347e+06   -2.44435e+06    2.99217e+02
 Pres. DC (bar) Pressure (bar)   Constr. rmsd
   -7.82708e+01   -5.11520e+02    2.71660e-05

Writing checkpoint, step 21100 at Thu Apr 16 23:19:56 2026


           Step           Time
          21500       43.00000

   Energies (kJ/mol)
          Angle    Proper Dih. Per. Imp. Dih.          LJ-14     Coulomb-14
    2.91315e+04    3.64157e+04    1.87636e+03    1.56615e+04    1.58281e+05
        LJ (SR)  Disper. corr.   Coulomb (SR)   Coul. recip. Position Rest.
    3.01707e+05   -8.40391e+03   -2.95662e+06    5.52276e+03    3.25082e+03
      Potential    Kinetic En.   Total Energy  Conserved En.    Temperature
   -2.41318e+06    4.39623e+05   -1.97355e+06   -2.44458e+06    2.99858e+02
 Pres. DC (bar) Pressure (bar)   Constr. rmsd
   -7.82708e+01   -1.52672e+02    2.64529e-05

           Step           Time
          22000       44.00000

   Energies (kJ/mol)
          Angle    Proper Dih. Per. Imp. Dih.          LJ-14     Coulomb-14
    2.89175e+04    3.63057e+04    1.81845e+03    1.55036e+04    1.58266e+05
        LJ (SR)  Disper. corr.   Coulomb (SR)   Coul. recip. Position Rest.
    2.99218e+05   -8.40391e+03   -2.95594e+06    5.60369e+03    3.25191e+03
      Potential    Kinetic En.   Total Energy  Conserved En.    Temperature
   -2.41546e+06    4.41168e+05   -1.97429e+06   -2.44473e+06    3.00912e+02
 Pres. DC (bar) Pressure (bar)   Constr. rmsd
   -7.82708e+01   -3.02977e+02    2.65436e-05

           Step           Time
          22500       45.00000

   Energies (kJ/mol)
          Angle    Proper Dih. Per. Imp. Dih.          LJ-14     Coulomb-14
    2.88529e+04    3.62701e+04    1.79050e+03    1.55352e+04    1.58279e+05
        LJ (SR)  Disper. corr.   Coulomb (SR)   Coul. recip. Position Rest.
    3.01231e+05   -8.40391e+03   -2.95708e+06    5.57911e+03    3.26725e+03
      Potential    Kinetic En.   Total Energy  Conserved En.    Temperature
   -2.41468e+06    4.40426e+05   -1.97425e+06   -2.44484e+06    3.00406e+02
 Pres. DC (bar) Pressure (bar)   Constr. rmsd
   -7.82708e+01   -1.08349e+02    2.67395e-05

           Step           Time
          23000       46.00000

   Energies (kJ/mol)
          Angle    Proper Dih. Per. Imp. Dih.          LJ-14     Coulomb-14
    2.85038e+04    3.63392e+04    1.73851e+03    1.54767e+04    1.58399e+05
        LJ (SR)  Disper. corr.   Coulomb (SR)   Coul. recip. Position Rest.
    2.99764e+05   -8.40391e+03   -2.95604e+06    5.52886e+03    3.17808e+03
      Potential    Kinetic En.   Total Energy  Conserved En.    Temperature
   -2.41552e+06    4.40337e+05   -1.97518e+06   -2.44508e+06    3.00345e+02
 Pres. DC (bar) Pressure (bar)   Constr. rmsd
   -7.82708e+01   -3.02207e+02    2.69050e-05

           Step           Time
          23500       47.00000

   Energies (kJ/mol)
          Angle    Proper Dih. Per. Imp. Dih.          LJ-14     Coulomb-14
    2.92679e+04    3.63861e+04    1.83211e+03    1.54513e+04    1.58176e+05
        LJ (SR)  Disper. corr.   Coulomb (SR)   Coul. recip. Position Rest.
    3.00468e+05   -8.40391e+03   -2.95737e+06    5.61139e+03    3.16579e+03
      Potential    Kinetic En.   Total Energy  Conserved En.    Temperature
   -2.41542e+06    4.40313e+05   -1.97511e+06   -2.44518e+06    3.00329e+02
 Pres. DC (bar) Pressure (bar)   Constr. rmsd
   -7.82708e+01   -4.52460e+02    2.73558e-05

           Step           Time
          24000       48.00000

   Energies (kJ/mol)
          Angle    Proper Dih. Per. Imp. Dih.          LJ-14     Coulomb-14
    2.94315e+04    3.62385e+04    1.75337e+03    1.54307e+04    1.58049e+05
        LJ (SR)  Disper. corr.   Coulomb (SR)   Coul. recip. Position Rest.
    3.01544e+05   -8.40391e+03   -2.95873e+06    5.45451e+03    3.24212e+03
      Potential    Kinetic En.   Total Energy  Conserved En.    Temperature
   -2.41599e+06    4.40485e+05   -1.97551e+06   -2.44534e+06    3.00447e+02
 Pres. DC (bar) Pressure (bar)   Constr. rmsd
   -7.82708e+01    1.32020e+02    2.75363e-05

           Step           Time
          24500       49.00000

   Energies (kJ/mol)
          Angle    Proper Dih. Per. Imp. Dih.          LJ-14     Coulomb-14
    2.91576e+04    3.60450e+04    1.86839e+03    1.54882e+04    1.57758e+05
        LJ (SR)  Disper. corr.   Coulomb (SR)   Coul. recip. Position Rest.
    3.01680e+05   -8.40391e+03   -2.95685e+06    5.69407e+03    3.23811e+03
      Potential    Kinetic En.   Total Energy  Conserved En.    Temperature
   -2.41433e+06    4.39609e+05   -1.97472e+06   -2.44548e+06    2.99849e+02
 Pres. DC (bar) Pressure (bar)   Constr. rmsd
   -7.82708e+01   -3.08614e+01    2.65193e-05

           Step           Time
          25000       50.00000

   Energies (kJ/mol)
          Angle    Proper Dih. Per. Imp. Dih.          LJ-14     Coulomb-14
    2.94663e+04    3.61979e+04    1.83996e+03    1.53850e+04    1.58019e+05
        LJ (SR)  Disper. corr.   Coulomb (SR)   Coul. recip. Position Rest.
    3.02207e+05   -8.40391e+03   -2.95786e+06    5.51367e+03    3.28177e+03
      Potential    Kinetic En.   Total Energy  Conserved En.    Temperature
   -2.41435e+06    4.40150e+05   -1.97420e+06   -2.44566e+06    3.00218e+02
 Pres. DC (bar) Pressure (bar)   Constr. rmsd
   -7.82708e+01   -2.58277e+02    2.80928e-05

           Step           Time
          25500       51.00000

   Energies (kJ/mol)
          Angle    Proper Dih. Per. Imp. Dih.          LJ-14     Coulomb-14
    2.88601e+04    3.63310e+04    1.64760e+03    1.56232e+04    1.58284e+05
        LJ (SR)  Disper. corr.   Coulomb (SR)   Coul. recip. Position Rest.
    3.00327e+05   -8.40391e+03   -2.95650e+06    5.44782e+03    3.23379e+03
      Potential    Kinetic En.   Total Energy  Conserved En.    Temperature
   -2.41515e+06    4.37717e+05   -1.97744e+06   -2.44571e+06    2.98558e+02
 Pres. DC (bar) Pressure (bar)   Constr. rmsd
   -7.82708e+01   -6.47841e+02    2.68567e-05

           Step           Time
          26000       52.00000

   Energies (kJ/mol)
          Angle    Proper Dih. Per. Imp. Dih.          LJ-14     Coulomb-14
    2.91466e+04    3.66415e+04    1.82691e+03    1.55944e+04    1.58211e+05
        LJ (SR)  Disper. corr.   Coulomb (SR)   Coul. recip. Position Rest.
    3.01763e+05   -8.40391e+03   -2.95643e+06    5.48116e+03    3.29355e+03
      Potential    Kinetic En.   Total Energy  Conserved En.    Temperature
   -2.41287e+06    4.38675e+05   -1.97420e+06   -2.44586e+06    2.99212e+02
 Pres. DC (bar) Pressure (bar)   Constr. rmsd
   -7.82708e+01   -1.01525e+02    2.66093e-05

           Step           Time
          26500       53.00000

   Energies (kJ/mol)
          Angle    Proper Dih. Per. Imp. Dih.          LJ-14     Coulomb-14
    2.86800e+04    3.64104e+04    1.86672e+03    1.55593e+04    1.58331e+05
        LJ (SR)  Disper. corr.   Coulomb (SR)   Coul. recip. Position Rest.
    3.00748e+05   -8.40391e+03   -2.95552e+06    5.49587e+03    3.28368e+03
      Potential    Kinetic En.   Total Energy  Conserved En.    Temperature
   -2.41355e+06    4.40253e+05   -1.97329e+06   -2.44609e+06    3.00288e+02
 Pres. DC (bar) Pressure (bar)   Constr. rmsd
   -7.82708e+01   -8.34921e+01    2.65348e-05

           Step           Time
          27000       54.00000

   Energies (kJ/mol)
          Angle    Proper Dih. Per. Imp. Dih.          LJ-14     Coulomb-14
    2.82941e+04    3.64064e+04    1.88250e+03    1.55199e+04    1.58866e+05
        LJ (SR)  Disper. corr.   Coulomb (SR)   Coul. recip. Position Rest.
    3.00746e+05   -8.40391e+03   -2.95824e+06    5.57911e+03    3.25939e+03
      Potential    Kinetic En.   Total Energy  Conserved En.    Temperature
   -2.41610e+06    4.40623e+05   -1.97547e+06   -2.44615e+06    3.00541e+02
 Pres. DC (bar) Pressure (bar)   Constr. rmsd
   -7.82708e+01   -2.56408e+02    2.66995e-05

           Step           Time
          27500       55.00000

   Energies (kJ/mol)
          Angle    Proper Dih. Per. Imp. Dih.          LJ-14     Coulomb-14
    2.91545e+04    3.62765e+04    1.81520e+03    1.54599e+04    1.57943e+05
        LJ (SR)  Disper. corr.   Coulomb (SR)   Coul. recip. Position Rest.
    3.00102e+05   -8.40391e+03   -2.95446e+06    5.54163e+03    3.32000e+03
      Potential    Kinetic En.   Total Energy  Conserved En.    Temperature
   -2.41325e+06    4.39637e+05   -1.97361e+06   -2.44633e+06    2.99868e+02
 Pres. DC (bar) Pressure (bar)   Constr. rmsd
   -7.82708e+01   -1.79060e+02    2.71131e-05

           Step           Time
          28000       56.00000

   Energies (kJ/mol)
          Angle    Proper Dih. Per. Imp. Dih.          LJ-14     Coulomb-14
    2.87873e+04    3.64365e+04    1.81410e+03    1.55807e+04    1.58301e+05
        LJ (SR)  Disper. corr.   Coulomb (SR)   Coul. recip. Position Rest.
    3.03643e+05   -8.40391e+03   -2.95932e+06    5.65988e+03    3.37788e+03
      Potential    Kinetic En.   Total Energy  Conserved En.    Temperature
   -2.41413e+06    4.41302e+05   -1.97282e+06   -2.44644e+06    3.01004e+02
 Pres. DC (bar) Pressure (bar)   Constr. rmsd
   -7.82708e+01   -1.05530e+02    2.73496e-05

           Step           Time
          28500       57.00000

   Energies (kJ/mol)
          Angle    Proper Dih. Per. Imp. Dih.          LJ-14     Coulomb-14
    2.88279e+04    3.62809e+04    1.76410e+03    1.55977e+04    1.58524e+05
        LJ (SR)  Disper. corr.   Coulomb (SR)   Coul. recip. Position Rest.
    2.98176e+05   -8.40391e+03   -2.95330e+06    5.51100e+03    3.47493e+03
      Potential    Kinetic En.   Total Energy  Conserved En.    Temperature
   -2.41355e+06    4.39172e+05   -1.97438e+06   -2.44678e+06    2.99551e+02
 Pres. DC (bar) Pressure (bar)   Constr. rmsd
   -7.82708e+01   -3.71826e+02    2.70086e-05

           Step           Time
          29000       58.00000

   Energies (kJ/mol)
          Angle    Proper Dih. Per. Imp. Dih.          LJ-14     Coulomb-14
    2.91946e+04    3.64211e+04    1.84314e+03    1.54666e+04    1.58194e+05
        LJ (SR)  Disper. corr.   Coulomb (SR)   Coul. recip. Position Rest.
    3.01515e+05   -8.40391e+03   -2.95626e+06    5.59201e+03    3.46759e+03
      Potential    Kinetic En.   Total Energy  Conserved En.    Temperature
   -2.41297e+06    4.40331e+05   -1.97264e+06   -2.44675e+06    3.00341e+02
 Pres. DC (bar) Pressure (bar)   Constr. rmsd
   -7.82708e+01   -3.13801e+02    2.84132e-05

           Step           Time
          29500       59.00000

   Energies (kJ/mol)
          Angle    Proper Dih. Per. Imp. Dih.          LJ-14     Coulomb-14
    2.94344e+04    3.65458e+04    1.86458e+03    1.54663e+04    1.57417e+05
        LJ (SR)  Disper. corr.   Coulomb (SR)   Coul. recip. Position Rest.
    3.00786e+05   -8.40391e+03   -2.95379e+06    5.50282e+03    3.41371e+03
      Potential    Kinetic En.   Total Energy  Conserved En.    Temperature
   -2.41176e+06    4.40168e+05   -1.97159e+06   -2.44705e+06    3.00230e+02
 Pres. DC (bar) Pressure (bar)   Constr. rmsd
   -7.82708e+01   -9.62372e+01    2.74540e-05

           Step           Time
          30000       60.00000

   Energies (kJ/mol)
          Angle    Proper Dih. Per. Imp. Dih.          LJ-14     Coulomb-14
    2.89043e+04    3.63219e+04    1.85142e+03    1.55427e+04    1.58583e+05
        LJ (SR)  Disper. corr.   Coulomb (SR)   Coul. recip. Position Rest.
    3.00555e+05   -8.40391e+03   -2.95900e+06    5.61305e+03    3.41385e+03
      Potential    Kinetic En.   Total Energy  Conserved En.    Temperature
   -2.41662e+06    4.41172e+05   -1.97545e+06   -2.44711e+06    3.00915e+02
 Pres. DC (bar) Pressure (bar)   Constr. rmsd
   -7.82708e+01   -5.61651e+02    2.75861e-05

           Step           Time
          30500       61.00000

   Energies (kJ/mol)
          Angle    Proper Dih. Per. Imp. Dih.          LJ-14     Coulomb-14
    2.89355e+04    3.63537e+04    1.86671e+03    1.54500e+04    1.58129e+05
        LJ (SR)  Disper. corr.   Coulomb (SR)   Coul. recip. Position Rest.
    3.02851e+05   -8.40391e+03   -2.96100e+06    5.60799e+03    3.37053e+03
      Potential    Kinetic En.   Total Energy  Conserved En.    Temperature
   -2.41683e+06    4.40487e+05   -1.97635e+06   -2.44736e+06    3.00448e+02
 Pres. DC (bar) Pressure (bar)   Constr. rmsd
   -7.82708e+01   -4.82264e+02    2.78042e-05

           Step           Time
          31000       62.00000

   Energies (kJ/mol)
          Angle    Proper Dih. Per. Imp. Dih.          LJ-14     Coulomb-14
    2.91040e+04    3.63990e+04    1.77471e+03    1.56506e+04    1.58324e+05
        LJ (SR)  Disper. corr.   Coulomb (SR)   Coul. recip. Position Rest.
    3.01528e+05   -8.40391e+03   -2.95637e+06    5.54458e+03    3.23505e+03
      Potential    Kinetic En.   Total Energy  Conserved En.    Temperature
   -2.41321e+06    4.39812e+05   -1.97340e+06   -2.44736e+06    2.99987e+02
 Pres. DC (bar) Pressure (bar)   Constr. rmsd
   -7.82708e+01   -1.22272e+02    2.70253e-05

           Step           Time
          31500       63.00000

   Energies (kJ/mol)
          Angle    Proper Dih. Per. Imp. Dih.          LJ-14     Coulomb-14
    2.92211e+04    3.61652e+04    1.77648e+03    1.55561e+04    1.58440e+05
        LJ (SR)  Disper. corr.   Coulomb (SR)   Coul. recip. Position Rest.
    3.02710e+05   -8.40391e+03   -2.95867e+06    5.59947e+03    3.26109e+03
      Potential    Kinetic En.   Total Energy  Conserved En.    Temperature
   -2.41435e+06    4.40851e+05   -1.97349e+06   -2.44766e+06    3.00696e+02
 Pres. DC (bar) Pressure (bar)   Constr. rmsd
   -7.82708e+01   -2.60637e+02    2.70678e-05

           Step           Time
          32000       64.00000

   Energies (kJ/mol)
          Angle    Proper Dih. Per. Imp. Dih.          LJ-14     Coulomb-14
    2.86571e+04    3.63769e+04    1.79532e+03    1.56593e+04    1.58039e+05
        LJ (SR)  Disper. corr.   Coulomb (SR)   Coul. recip. Position Rest.
    3.01082e+05   -8.40391e+03   -2.95793e+06    5.48850e+03    3.42600e+03
      Potential    Kinetic En.   Total Energy  Conserved En.    Temperature
   -2.41581e+06    4.38700e+05   -1.97711e+06   -2.44785e+06    2.99229e+02
 Pres. DC (bar) Pressure (bar)   Constr. rmsd
   -7.82708e+01   -1.50432e+02    2.56710e-05

           Step           Time
          32500       65.00000

   Energies (kJ/mol)
          Angle    Proper Dih. Per. Imp. Dih.          LJ-14     Coulomb-14
    2.88514e+04    3.62959e+04    1.86002e+03    1.55633e+04    1.58171e+05
        LJ (SR)  Disper. corr.   Coulomb (SR)   Coul. recip. Position Rest.
    3.00644e+05   -8.40391e+03   -2.95546e+06    5.49343e+03    3.16508e+03
      Potential    Kinetic En.   Total Energy  Conserved En.    Temperature
   -2.41382e+06    4.41809e+05   -1.97201e+06   -2.44798e+06    3.01349e+02
 Pres. DC (bar) Pressure (bar)   Constr. rmsd
   -7.82708e+01   -9.37006e+01    2.70046e-05

           Step           Time
          33000       66.00000

   Energies (kJ/mol)
          Angle    Proper Dih. Per. Imp. Dih.          LJ-14     Coulomb-14
    2.89387e+04    3.64558e+04    1.85242e+03    1.55381e+04    1.58276e+05
        LJ (SR)  Disper. corr.   Coulomb (SR)   Coul. recip. Position Rest.
    2.99886e+05   -8.40391e+03   -2.95705e+06    5.66691e+03    3.24186e+03
      Potential    Kinetic En.   Total Energy  Conserved En.    Temperature
   -2.41559e+06    4.41710e+05   -1.97388e+06   -2.44809e+06    3.01282e+02
 Pres. DC (bar) Pressure (bar)   Constr. rmsd
   -7.82708e+01   -1.31271e+02    2.71216e-05

           Step           Time
          33500       67.00000

   Energies (kJ/mol)
          Angle    Proper Dih. Per. Imp. Dih.          LJ-14     Coulomb-14
    2.90892e+04    3.62546e+04    1.75185e+03    1.53771e+04    1.58308e+05
        LJ (SR)  Disper. corr.   Coulomb (SR)   Coul. recip. Position Rest.
    2.99152e+05   -8.40391e+03   -2.95384e+06    5.53452e+03    3.34437e+03
      Potential    Kinetic En.   Total Energy  Conserved En.    Temperature
   -2.41343e+06    4.39505e+05   -1.97393e+06   -2.44819e+06    2.99778e+02
 Pres. DC (bar) Pressure (bar)   Constr. rmsd
   -7.82708e+01   -2.10706e+02    2.77116e-05

           Step           Time
          34000       68.00000

   Energies (kJ/mol)
          Angle    Proper Dih. Per. Imp. Dih.          LJ-14     Coulomb-14
    2.96030e+04    3.64218e+04    1.77679e+03    1.54190e+04    1.57862e+05
        LJ (SR)  Disper. corr.   Coulomb (SR)   Coul. recip. Position Rest.
    3.02037e+05   -8.40391e+03   -2.95722e+06    5.66449e+03    3.31389e+03
      Potential    Kinetic En.   Total Energy  Conserved En.    Temperature
   -2.41353e+06    4.38420e+05   -1.97511e+06   -2.44832e+06    2.99038e+02
 Pres. DC (bar) Pressure (bar)   Constr. rmsd
   -7.82708e+01   -5.59566e+02    2.76791e-05

           Step           Time
          34500       69.00000

   Energies (kJ/mol)
          Angle    Proper Dih. Per. Imp. Dih.          LJ-14     Coulomb-14
    2.93101e+04    3.64200e+04    1.77398e+03    1.53336e+04    1.58002e+05
        LJ (SR)  Disper. corr.   Coulomb (SR)   Coul. recip. Position Rest.
    3.01320e+05   -8.40391e+03   -2.95648e+06    5.41574e+03    3.33666e+03
      Potential    Kinetic En.   Total Energy  Conserved En.    Temperature
   -2.41397e+06    4.40347e+05   -1.97363e+06   -2.44850e+06    3.00353e+02
 Pres. DC (bar) Pressure (bar)   Constr. rmsd
   -7.82708e+01   -3.89130e+02    2.78915e-05

           Step           Time
          35000       70.00000

   Energies (kJ/mol)
          Angle    Proper Dih. Per. Imp. Dih.          LJ-14     Coulomb-14
    2.96168e+04    3.64455e+04    1.67222e+03    1.54155e+04    1.58224e+05
        LJ (SR)  Disper. corr.   Coulomb (SR)   Coul. recip. Position Rest.
    2.97721e+05   -8.40391e+03   -2.95413e+06    5.50132e+03    3.29889e+03
      Potential    Kinetic En.   Total Energy  Conserved En.    Temperature
   -2.41464e+06    4.42530e+05   -1.97211e+06   -2.44868e+06    3.01841e+02
 Pres. DC (bar) Pressure (bar)   Constr. rmsd
   -7.82708e+01   -2.19804e+02    2.77278e-05

           Step           Time
          35500       71.00000

   Energies (kJ/mol)
          Angle    Proper Dih. Per. Imp. Dih.          LJ-14     Coulomb-14
    2.94574e+04    3.63118e+04    1.85210e+03    1.55942e+04    1.58331e+05
        LJ (SR)  Disper. corr.   Coulomb (SR)   Coul. recip. Position Rest.
    3.02262e+05   -8.40391e+03   -2.95803e+06    5.62767e+03    3.34661e+03
      Potential    Kinetic En.   Total Energy  Conserved En.    Temperature
   -2.41365e+06    4.41276e+05   -1.97237e+06   -2.44877e+06    3.00986e+02
 Pres. DC (bar) Pressure (bar)   Constr. rmsd
   -7.82708e+01   -1.51040e+02    2.71898e-05

           Step           Time
          36000       72.00000

   Energies (kJ/mol)
          Angle    Proper Dih. Per. Imp. Dih.          LJ-14     Coulomb-14
    2.89242e+04    3.63178e+04    1.74388e+03    1.55370e+04    1.58190e+05
        LJ (SR)  Disper. corr.   Coulomb (SR)   Coul. recip. Position Rest.
    3.02005e+05   -8.40391e+03   -2.95932e+06    5.54676e+03    3.38638e+03
      Potential    Kinetic En.   Total Energy  Conserved En.    Temperature
   -2.41608e+06    4.37309e+05   -1.97877e+06   -2.44897e+06    2.98280e+02
 Pres. DC (bar) Pressure (bar)   Constr. rmsd
   -7.82708e+01    2.28426e+01    2.66033e-05

           Step           Time
          36500       73.00000

   Energies (kJ/mol)
          Angle    Proper Dih. Per. Imp. Dih.          LJ-14     Coulomb-14
    2.93340e+04    3.63776e+04    1.84061e+03    1.53249e+04    1.58171e+05
        LJ (SR)  Disper. corr.   Coulomb (SR)   Coul. recip. Position Rest.
    3.00723e+05   -8.40391e+03   -2.95725e+06    5.76092e+03    3.22248e+03
      Potential    Kinetic En.   Total Energy  Conserved En.    Temperature
   -2.41490e+06    4.40698e+05   -1.97420e+06   -2.44911e+06    3.00592e+02
 Pres. DC (bar) Pressure (bar)   Constr. rmsd
   -7.82708e+01   -5.37816e+02    2.73806e-05

           Step           Time
          37000       74.00000

   Energies (kJ/mol)
          Angle    Proper Dih. Per. Imp. Dih.          LJ-14     Coulomb-14
    2.92431e+04    3.63541e+04    1.76924e+03    1.54938e+04    1.58167e+05
        LJ (SR)  Disper. corr.   Coulomb (SR)   Coul. recip. Position Rest.
    2.98807e+05   -8.40391e+03   -2.95548e+06    5.61975e+03    3.30277e+03
      Potential    Kinetic En.   Total Energy  Conserved En.    Temperature
   -2.41512e+06    4.39981e+05   -1.97514e+06   -2.44926e+06    3.00102e+02
 Pres. DC (bar) Pressure (bar)   Constr. rmsd
   -7.82708e+01   -3.41620e+02    2.75914e-05

           Step           Time
          37500       75.00000

   Energies (kJ/mol)
          Angle    Proper Dih. Per. Imp. Dih.          LJ-14     Coulomb-14
    2.90099e+04    3.64892e+04    1.87506e+03    1.54597e+04    1.58129e+05
        LJ (SR)  Disper. corr.   Coulomb (SR)   Coul. recip. Position Rest.
    3.03710e+05   -8.40391e+03   -2.96248e+06    5.59833e+03    3.31096e+03
      Potential    Kinetic En.   Total Energy  Conserved En.    Temperature
   -2.41730e+06    4.39770e+05   -1.97753e+06   -2.44935e+06    2.99959e+02
 Pres. DC (bar) Pressure (bar)   Constr. rmsd
   -7.82708e+01    6.26835e+01    2.68414e-05

           Step           Time
          38000       76.00000

   Energies (kJ/mol)
          Angle    Proper Dih. Per. Imp. Dih.          LJ-14     Coulomb-14
    2.93581e+04    3.61766e+04    1.83030e+03    1.54753e+04    1.58239e+05
        LJ (SR)  Disper. corr.   Coulomb (SR)   Coul. recip. Position Rest.
    3.03226e+05   -8.40391e+03   -2.95770e+06    5.58993e+03    3.36296e+03
      Potential    Kinetic En.   Total Energy  Conserved En.    Temperature
   -2.41284e+06    4.40093e+05   -1.97275e+06   -2.44938e+06    3.00179e+02
 Pres. DC (bar) Pressure (bar)   Constr. rmsd
   -7.82708e+01   -1.76925e+02    2.72353e-05

           Step           Time
          38500       77.00000

   Energies (kJ/mol)
          Angle    Proper Dih. Per. Imp. Dih.          LJ-14     Coulomb-14
    2.90518e+04    3.61066e+04    1.72351e+03    1.55762e+04    1.58066e+05
        LJ (SR)  Disper. corr.   Coulomb (SR)   Coul. recip. Position Rest.
    3.00000e+05   -8.40391e+03   -2.95658e+06    5.56813e+03    3.36466e+03
      Potential    Kinetic En.   Total Energy  Conserved En.    Temperature
   -2.41553e+06    4.38427e+05   -1.97710e+06   -2.44961e+06    2.99043e+02
 Pres. DC (bar) Pressure (bar)   Constr. rmsd
   -7.82708e+01   -2.78941e+02    2.69327e-05

           Step           Time
          39000       78.00000

   Energies (kJ/mol)
          Angle    Proper Dih. Per. Imp. Dih.          LJ-14     Coulomb-14
    2.91880e+04    3.62153e+04    1.94343e+03    1.54766e+04    1.58292e+05
        LJ (SR)  Disper. corr.   Coulomb (SR)   Coul. recip. Position Rest.
    3.01214e+05   -8.40391e+03   -2.95729e+06    5.45097e+03    3.13668e+03
      Potential    Kinetic En.   Total Energy  Conserved En.    Temperature
   -2.41478e+06    4.38154e+05   -1.97663e+06   -2.44983e+06    2.98856e+02
 Pres. DC (bar) Pressure (bar)   Constr. rmsd
   -7.82708e+01    3.33678e+01    2.73784e-05

           Step           Time
          39500       79.00000

   Energies (kJ/mol)
          Angle    Proper Dih. Per. Imp. Dih.          LJ-14     Coulomb-14
    2.89352e+04    3.63883e+04    1.77928e+03    1.55366e+04    1.58180e+05
        LJ (SR)  Disper. corr.   Coulomb (SR)   Coul. recip. Position Rest.
    3.02341e+05   -8.40391e+03   -2.95984e+06    5.65737e+03    3.32662e+03
      Potential    Kinetic En.   Total Energy  Conserved En.    Temperature
   -2.41610e+06    4.38506e+05   -1.97759e+06   -2.44994e+06    2.99096e+02
 Pres. DC (bar) Pressure (bar)   Constr. rmsd
   -7.82708e+01   -1.77800e+02    2.63860e-05

           Step           Time
          40000       80.00000

   Energies (kJ/mol)
          Angle    Proper Dih. Per. Imp. Dih.          LJ-14     Coulomb-14
    2.91477e+04    3.64867e+04    1.83340e+03    1.53707e+04    1.57780e+05
        LJ (SR)  Disper. corr.   Coulomb (SR)   Coul. recip. Position Rest.
    3.01561e+05   -8.40391e+03   -2.95899e+06    5.47987e+03    3.24912e+03
      Potential    Kinetic En.   Total Energy  Conserved En.    Temperature
   -2.41649e+06    4.40763e+05   -1.97572e+06   -2.45015e+06    3.00636e+02
 Pres. DC (bar) Pressure (bar)   Constr. rmsd
   -7.82708e+01   -3.56828e+02    2.78370e-05

           Step           Time
          40500       81.00000

   Energies (kJ/mol)
          Angle    Proper Dih. Per. Imp. Dih.          LJ-14     Coulomb-14
    2.93750e+04    3.61960e+04    1.69098e+03    1.54321e+04    1.58071e+05
        LJ (SR)  Disper. corr.   Coulomb (SR)   Coul. recip. Position Rest.
    2.98940e+05   -8.40391e+03   -2.95485e+06    5.38713e+03    3.31889e+03
      Potential    Kinetic En.   Total Energy  Conserved En.    Temperature
   -2.41484e+06    4.40842e+05   -1.97400e+06   -2.45022e+06    3.00690e+02
 Pres. DC (bar) Pressure (bar)   Constr. rmsd
   -7.82708e+01   -1.05115e+02    2.77869e-05

           Step           Time
          41000       82.00000

   Energies (kJ/mol)
          Angle    Proper Dih. Per. Imp. Dih.          LJ-14     Coulomb-14
    2.91490e+04    3.61010e+04    1.74284e+03    1.55282e+04    1.58108e+05
        LJ (SR)  Disper. corr.   Coulomb (SR)   Coul. recip. Position Rest.
    3.00324e+05   -8.40391e+03   -2.95635e+06    5.51517e+03    3.23472e+03
      Potential    Kinetic En.   Total Energy  Conserved En.    Temperature
   -2.41505e+06    4.39285e+05   -1.97577e+06   -2.45042e+06    2.99628e+02
 Pres. DC (bar) Pressure (bar)   Constr. rmsd
   -7.82708e+01   -1.08247e+02    2.73789e-05

           Step           Time
          41500       83.00000

   Energies (kJ/mol)
          Angle    Proper Dih. Per. Imp. Dih.          LJ-14     Coulomb-14
    2.91566e+04    3.62927e+04    1.82090e+03    1.54844e+04    1.58201e+05
        LJ (SR)  Disper. corr.   Coulomb (SR)   Coul. recip. Position Rest.
    3.02212e+05   -8.40391e+03   -2.95799e+06    5.58263e+03    3.34446e+03
      Potential    Kinetic En.   Total Energy  Conserved En.    Temperature
   -2.41430e+06    4.40630e+05   -1.97367e+06   -2.45050e+06    3.00545e+02
 Pres. DC (bar) Pressure (bar)   Constr. rmsd
   -7.82708e+01   -9.94805e+01    2.71147e-05

Writing checkpoint, step 41900 at Thu Apr 16 23:34:54 2026


           Step           Time
          42000       84.00000

   Energies (kJ/mol)
          Angle    Proper Dih. Per. Imp. Dih.          LJ-14     Coulomb-14
    2.88956e+04    3.60075e+04    1.79106e+03    1.53993e+04    1.58250e+05
        LJ (SR)  Disper. corr.   Coulomb (SR)   Coul. recip. Position Rest.
    2.99557e+05   -8.40391e+03   -2.95593e+06    5.60079e+03    3.12960e+03
      Potential    Kinetic En.   Total Energy  Conserved En.    Temperature
   -2.41571e+06    4.36905e+05   -1.97880e+06   -2.45076e+06    2.98005e+02
 Pres. DC (bar) Pressure (bar)   Constr. rmsd
   -7.82708e+01   -1.14981e+02    2.72450e-05

           Step           Time
          42500       85.00000

   Energies (kJ/mol)
          Angle    Proper Dih. Per. Imp. Dih.          LJ-14     Coulomb-14
    2.92143e+04    3.60606e+04    1.68730e+03    1.53702e+04    1.57988e+05
        LJ (SR)  Disper. corr.   Coulomb (SR)   Coul. recip. Position Rest.
    3.02526e+05   -8.40391e+03   -2.95825e+06    5.53100e+03    3.17265e+03
      Potential    Kinetic En.   Total Energy  Conserved En.    Temperature
   -2.41510e+06    4.40703e+05   -1.97440e+06   -2.45078e+06    3.00595e+02
 Pres. DC (bar) Pressure (bar)   Constr. rmsd
   -7.82708e+01   -3.62275e+01    2.73872e-05

           Step           Time
          43000       86.00000

   Energies (kJ/mol)
          Angle    Proper Dih. Per. Imp. Dih.          LJ-14     Coulomb-14
    2.89643e+04    3.63095e+04    1.81117e+03    1.53756e+04    1.57960e+05
        LJ (SR)  Disper. corr.   Coulomb (SR)   Coul. recip. Position Rest.
    3.00932e+05   -8.40391e+03   -2.95832e+06    5.42480e+03    3.33705e+03
      Potential    Kinetic En.   Total Energy  Conserved En.    Temperature
   -2.41661e+06    4.38857e+05   -1.97775e+06   -2.45103e+06    2.99336e+02
 Pres. DC (bar) Pressure (bar)   Constr. rmsd
   -7.82708e+01   -2.98063e+02    2.74397e-05

           Step           Time
          43500       87.00000

   Energies (kJ/mol)
          Angle    Proper Dih. Per. Imp. Dih.          LJ-14     Coulomb-14
    2.88969e+04    3.64620e+04    1.75839e+03    1.53971e+04    1.58151e+05
        LJ (SR)  Disper. corr.   Coulomb (SR)   Coul. recip. Position Rest.
    3.00649e+05   -8.40391e+03   -2.95323e+06    5.65981e+03    3.25931e+03
      Potential    Kinetic En.   Total Energy  Conserved En.    Temperature
   -2.41140e+06    4.40348e+05   -1.97106e+06   -2.45121e+06    3.00353e+02
 Pres. DC (bar) Pressure (bar)   Constr. rmsd
   -7.82708e+01   -9.31621e+01    2.66493e-05

           Step           Time
          44000       88.00000

   Energies (kJ/mol)
          Angle    Proper Dih. Per. Imp. Dih.          LJ-14     Coulomb-14
    2.88872e+04    3.61502e+04    1.79432e+03    1.55351e+04    1.58282e+05
        LJ (SR)  Disper. corr.   Coulomb (SR)   Coul. recip. Position Rest.
    3.01096e+05   -8.40391e+03   -2.95721e+06    5.42188e+03    3.23142e+03
      Potential    Kinetic En.   Total Energy  Conserved En.    Temperature
   -2.41521e+06    4.40170e+05   -1.97504e+06   -2.45142e+06    3.00231e+02
 Pres. DC (bar) Pressure (bar)   Constr. rmsd
   -7.82708e+01   -2.66627e+02    2.69126e-05

           Step           Time
          44500       89.00000

   Energies (kJ/mol)
          Angle    Proper Dih. Per. Imp. Dih.          LJ-14     Coulomb-14
    2.92287e+04    3.63048e+04    1.87249e+03    1.55073e+04    1.58280e+05
        LJ (SR)  Disper. corr.   Coulomb (SR)   Coul. recip. Position Rest.
    2.98493e+05   -8.40391e+03   -2.95630e+06    5.45225e+03    3.29084e+03
      Potential    Kinetic En.   Total Energy  Conserved En.    Temperature
   -2.41628e+06    4.39438e+05   -1.97684e+06   -2.45150e+06    2.99732e+02
 Pres. DC (bar) Pressure (bar)   Constr. rmsd
   -7.82708e+01   -6.65451e+01    2.66633e-05

           Step           Time
          45000       90.00000

   Energies (kJ/mol)
          Angle    Proper Dih. Per. Imp. Dih.          LJ-14     Coulomb-14
    2.87489e+04    3.63245e+04    1.85346e+03    1.55636e+04    1.58453e+05
        LJ (SR)  Disper. corr.   Coulomb (SR)   Coul. recip. Position Rest.
    3.02144e+05   -8.40391e+03   -2.95719e+06    5.49845e+03    3.26490e+03
      Potential    Kinetic En.   Total Energy  Conserved En.    Temperature
   -2.41375e+06    4.39885e+05   -1.97386e+06   -2.45175e+06    3.00037e+02
 Pres. DC (bar) Pressure (bar)   Constr. rmsd
   -7.82708e+01   -1.66480e+02    2.66445e-05

           Step           Time
          45500       91.00000

   Energies (kJ/mol)
          Angle    Proper Dih. Per. Imp. Dih.          LJ-14     Coulomb-14
    2.92755e+04    3.62409e+04    1.82365e+03    1.54690e+04    1.57714e+05
        LJ (SR)  Disper. corr.   Coulomb (SR)   Coul. recip. Position Rest.
    2.99767e+05   -8.40391e+03   -2.95600e+06    5.58616e+03    3.38132e+03
      Potential    Kinetic En.   Total Energy  Conserved En.    Temperature
   -2.41514e+06    4.39774e+05   -1.97537e+06   -2.45188e+06    2.99962e+02
 Pres. DC (bar) Pressure (bar)   Constr. rmsd
   -7.82708e+01   -1.12397e+02    2.67089e-05

           Step           Time
          46000       92.00000

   Energies (kJ/mol)
          Angle    Proper Dih. Per. Imp. Dih.          LJ-14     Coulomb-14
    2.87626e+04    3.61980e+04    1.75174e+03    1.55261e+04    1.58644e+05
        LJ (SR)  Disper. corr.   Coulomb (SR)   Coul. recip. Position Rest.
    3.02650e+05   -8.40391e+03   -2.95859e+06    5.51585e+03    3.20965e+03
      Potential    Kinetic En.   Total Energy  Conserved En.    Temperature
   -2.41473e+06    4.38644e+05   -1.97609e+06   -2.45191e+06    2.99191e+02
 Pres. DC (bar) Pressure (bar)   Constr. rmsd
   -7.82708e+01   -1.46603e+02    2.63644e-05

           Step           Time
          46500       93.00000

   Energies (kJ/mol)
          Angle    Proper Dih. Per. Imp. Dih.          LJ-14     Coulomb-14
    2.88376e+04    3.63411e+04    1.78919e+03    1.56351e+04    1.58448e+05
        LJ (SR)  Disper. corr.   Coulomb (SR)   Coul. recip. Position Rest.
    2.99561e+05   -8.40391e+03   -2.95592e+06    5.62905e+03    3.19942e+03
      Potential    Kinetic En.   Total Energy  Conserved En.    Temperature
   -2.41488e+06    4.38248e+05   -1.97663e+06   -2.45212e+06    2.98920e+02
 Pres. DC (bar) Pressure (bar)   Constr. rmsd
   -7.82708e+01    7.34027e+01    2.59856e-05

           Step           Time
          47000       94.00000

   Energies (kJ/mol)
          Angle    Proper Dih. Per. Imp. Dih.          LJ-14     Coulomb-14
    2.91673e+04    3.62655e+04    1.81954e+03    1.54911e+04    1.58049e+05
        LJ (SR)  Disper. corr.   Coulomb (SR)   Coul. recip. Position Rest.
    3.01256e+05   -8.40391e+03   -2.95754e+06    5.53034e+03    3.23338e+03
      Potential    Kinetic En.   Total Energy  Conserved En.    Temperature
   -2.41513e+06    4.38322e+05   -1.97681e+06   -2.45226e+06    2.98971e+02
 Pres. DC (bar) Pressure (bar)   Constr. rmsd
   -7.82708e+01   -1.38341e+02    2.74954e-05

           Step           Time
          47500       95.00000

   Energies (kJ/mol)
          Angle    Proper Dih. Per. Imp. Dih.          LJ-14     Coulomb-14
    2.90507e+04    3.62009e+04    1.73395e+03    1.53924e+04    1.58297e+05
        LJ (SR)  Disper. corr.   Coulomb (SR)   Coul. recip. Position Rest.
    3.01852e+05   -8.40391e+03   -2.95956e+06    5.49243e+03    3.39062e+03
      Potential    Kinetic En.   Total Energy  Conserved En.    Temperature
   -2.41655e+06    4.40141e+05   -1.97641e+06   -2.45248e+06    3.00212e+02
 Pres. DC (bar) Pressure (bar)   Constr. rmsd
   -7.82708e+01   -3.87756e+02    2.71947e-05

           Step           Time
          48000       96.00000

   Energies (kJ/mol)
          Angle    Proper Dih. Per. Imp. Dih.          LJ-14     Coulomb-14
    2.92765e+04    3.62864e+04    1.79209e+03    1.55384e+04    1.57837e+05
        LJ (SR)  Disper. corr.   Coulomb (SR)   Coul. recip. Position Rest.
    2.99743e+05   -8.40391e+03   -2.95561e+06    5.57503e+03    3.24776e+03
      Potential    Kinetic En.   Total Energy  Conserved En.    Temperature
   -2.41472e+06    4.39990e+05   -1.97473e+06   -2.45246e+06    3.00109e+02
 Pres. DC (bar) Pressure (bar)   Constr. rmsd
   -7.82708e+01   -2.06935e+01    2.71796e-05

           Step           Time
          48500       97.00000

   Energies (kJ/mol)
          Angle    Proper Dih. Per. Imp. Dih.          LJ-14     Coulomb-14
    2.90837e+04    3.64742e+04    1.89629e+03    1.52988e+04    1.57796e+05
        LJ (SR)  Disper. corr.   Coulomb (SR)   Coul. recip. Position Rest.
    3.02667e+05   -8.40391e+03   -2.95969e+06    5.33088e+03    3.24658e+03
      Potential    Kinetic En.   Total Energy  Conserved En.    Temperature
   -2.41630e+06    4.40052e+05   -1.97625e+06   -2.45273e+06    3.00151e+02
 Pres. DC (bar) Pressure (bar)   Constr. rmsd
   -7.82708e+01   -3.34016e+02    2.81256e-05

           Step           Time
          49000       98.00000

   Energies (kJ/mol)
          Angle    Proper Dih. Per. Imp. Dih.          LJ-14     Coulomb-14
    2.90066e+04    3.62312e+04    1.78004e+03    1.55396e+04    1.58423e+05
        LJ (SR)  Disper. corr.   Coulomb (SR)   Coul. recip. Position Rest.
    2.99825e+05   -8.40391e+03   -2.95763e+06    5.52126e+03    3.28332e+03
      Potential    Kinetic En.   Total Energy  Conserved En.    Temperature
   -2.41642e+06    4.38872e+05   -1.97755e+06   -2.45286e+06    2.99346e+02
 Pres. DC (bar) Pressure (bar)   Constr. rmsd
   -7.82708e+01   -4.01433e+02    2.69199e-05

           Step           Time
          49500       99.00000

   Energies (kJ/mol)
          Angle    Proper Dih. Per. Imp. Dih.          LJ-14     Coulomb-14
    2.92905e+04    3.62456e+04    1.80901e+03    1.53974e+04    1.58335e+05
        LJ (SR)  Disper. corr.   Coulomb (SR)   Coul. recip. Position Rest.
    2.99356e+05   -8.40391e+03   -2.95480e+06    5.51858e+03    3.27413e+03
      Potential    Kinetic En.   Total Energy  Conserved En.    Temperature
   -2.41398e+06    4.39756e+05   -1.97422e+06   -2.45300e+06    2.99949e+02
 Pres. DC (bar) Pressure (bar)   Constr. rmsd
   -7.82708e+01   -4.68433e+02    2.78471e-05

           Step           Time
          50000      100.00000

Writing checkpoint, step 50000 at Thu Apr 16 23:40:45 2026


   Energies (kJ/mol)
          Angle    Proper Dih. Per. Imp. Dih.          LJ-14     Coulomb-14
    2.94086e+04    3.62045e+04    1.80572e+03    1.55265e+04    1.57731e+05
        LJ (SR)  Disper. corr.   Coulomb (SR)   Coul. recip. Position Rest.
    3.02108e+05   -8.40391e+03   -2.95821e+06    5.50491e+03    3.20983e+03
      Potential    Kinetic En.   Total Energy  Conserved En.    Temperature
   -2.41511e+06    4.40518e+05   -1.97459e+06   -2.45307e+06    3.00469e+02
 Pres. DC (bar) Pressure (bar)   Constr. rmsd
   -7.82708e+01   -1.02457e+02    2.79571e-05


Energy conservation over simulation part #1 of length 100 ps, time 0 to 100 ps
  Conserved energy drift: -6.17e-04 kJ/mol/ps per atom


	<======  ###############  ==>
	<====  A V E R A G E S  ====>
	<==  ###############  ======>

	Statistics over 50001 steps using 501 frames

   Energies (kJ/mol)
          Angle    Proper Dih. Per. Imp. Dih.          LJ-14     Coulomb-14
    2.90431e+04    3.63188e+04    1.81229e+03    1.54904e+04    1.58143e+05
        LJ (SR)  Disper. corr.   Coulomb (SR)   Coul. recip. Position Rest.
    3.01815e+05   -8.40391e+03   -2.95904e+06    5.55827e+03    3.29142e+03
      Potential    Kinetic En.   Total Energy  Conserved En.    Temperature
   -2.41597e+06    4.39525e+05   -1.97645e+06   -2.44561e+06    2.99792e+02
 Pres. DC (bar) Pressure (bar)   Constr. rmsd
   -7.82708e+01   -2.09019e+02    0.00000e+00

   Total Virial (kJ/mol)
    1.57733e+05    2.26179e+02    4.00799e+01
    2.28142e+02    1.57751e+05   -1.32389e+02
    3.96121e+01   -1.34052e+02    1.57719e+05

   Pressure (bar)
   -2.08010e+02   -2.88074e+00   -6.38308e-02
   -2.91729e+00   -2.07786e+02    1.22346e+00
   -5.51208e-02    1.25442e+00   -2.11261e+02

  Epot (kJ/mol)        Coul-SR          LJ-SR        Coul-14          LJ-14   
Protein-Protein   -2.85761e+05   -3.07816e+04    1.57687e+05    1.54557e+04
    Protein-CPP   -3.40223e+01   -1.48687e+02    0.00000e+00    0.00000e+00
   Protein-rest   -7.34269e+04   -4.62945e+03    0.00000e+00    0.00000e+00
        CPP-CPP   -3.87308e+02   -5.56994e+00    4.55945e+02    3.47106e+01
       CPP-rest   -4.96319e+01   -3.50360e+00    0.00000e+00    0.00000e+00
      rest-rest   -2.59938e+06    3.37384e+05    0.00000e+00    0.00000e+00

  T-Protein_CPPT-Water_and_ions
    2.99863e+02    2.99786e+02


	M E G A - F L O P S   A C C O U N T I N G

 NB=Group-cutoff nonbonded kernels    NxN=N-by-N cluster Verlet kernels
 RF=Reaction-Field  VdW=Van der Waals  QSTab=quadratic-spline table
 W3=SPC/TIP3p  W4=TIP4p (single or pairs)
 V&F=Potential and force  V=Potential only  F=Force only

 Computing:                               M-Number         M-Flops  % Flops
-----------------------------------------------------------------------------
 Pair Search distance check           56444.483752      508000.354     0.1
 NxN Ewald Elec. + LJ [F]           6595784.376192   435321768.829    54.2
 NxN Ewald Elec. + LJ [V&F]           66757.393904     7143041.148     0.9
 NxN Ewald Elec. [F]                5461673.092128   333162058.620    41.4
 NxN Ewald Elec. [V&F]                55278.590160     4643401.573     0.6
 1,4 nonbonded interactions            1821.436428      163929.279     0.0
 Calc Weights                         26434.728684      951650.233     0.1
 Spread Q Bspline                    563940.878592     1127881.757     0.1
 Gather F Bspline                    563940.878592     3383645.272     0.4
 3D-FFT                             1747820.955720    13982567.646     1.7
 Solve PME                            22579.651584     1445097.701     0.2
 Reset In Box                            88.290228         264.871     0.0
 CG-CoM                                  88.466456         265.399     0.0
 Angles                                1264.825296      212490.650     0.0
 Propers                               1945.838916      445597.112     0.1
 Impropers                              144.352887       30025.400     0.0
 Pos. Restr.                            354.157083       17707.854     0.0
 Virial                                  88.312773        1589.630     0.0
 Stop-CM                                 88.466456         884.665     0.0
 Calc-Ekin                             1762.632456       47591.076     0.0
 Lincs                                  702.592153       42155.529     0.0
 Lincs-Mat                            15178.510656       60714.043     0.0
 Constraint-V                          9503.830138       85534.471     0.0
 Constraint-Vir                          88.185018        2116.440     0.0
 Settle                                2699.611967      998856.428     0.1
-----------------------------------------------------------------------------
 Total                                               803778835.979   100.0
-----------------------------------------------------------------------------


    D O M A I N   D E C O M P O S I T I O N   S T A T I S T I C S

 av. #atoms communicated per step for force:  2 x 0.0
 av. #atoms communicated per step for LINCS:  2 x 0.0


      R E A L   C Y C L E   A N D   T I M E   A C C O U N T I N G

On 1 MPI rank, each using 8 OpenMP threads

 Activity:              Num   Num      Call    Wall time         Giga-Cycles
                        Ranks Threads  Count      (s)         total sum    %
--------------------------------------------------------------------------------
 Domain decomp.            1    8        501       8.554        177.511   0.4
 Neighbor search           1    8        501      32.881        682.312   1.5
 Force                     1    8      50001    1830.881      37992.691  85.0
 PME mesh                  1    8      50001     217.341       4510.045  10.1
 NB X/F buffer ops.        1    8      99501      18.361        381.017   0.9
 Write traj.               1    8        103       5.278        109.515   0.2
 Update                    1    8      50001       7.483        155.284   0.3
 Constraints               1    8      50003      27.809        577.075   1.3
 Rest                                              4.780         99.193   0.2
--------------------------------------------------------------------------------
 Total                                          2153.369      44684.644 100.0
--------------------------------------------------------------------------------
 Breakdown of PME mesh activities
--------------------------------------------------------------------------------
 PME spread                1    8      50001      82.927       1720.822   3.9
 PME gather                1    8      50001      57.472       1192.598   2.7
 PME 3D-FFT                1    8     100002      70.927       1471.816   3.3
 PME solve Elec            1    8      50001       5.820        120.777   0.3
--------------------------------------------------------------------------------

               Core t (s)   Wall t (s)        (%)
       Time:    17226.947     2153.369      800.0
                         35:53
                 (ns/day)    (hour/ns)
Performance:        4.012        5.981
Finished mdrun on rank 0 Thu Apr 16 23:40:45 2026

