============================================================================
| ACPYPE: AnteChamber PYthon Parser interfacE v. 2023.10.27 (c) 2026 AWSdS |
============================================================================
DEBUG: CLI: -i CPPF_RESP2.mol2 -b CPPF_RESP2 -c user -n 0 -a gaff2 -o gmx -f
DEBUG: Python Version 3.11.15 | packaged by conda-forge | (main, Mar 5 2026, 16:45:40) [GCC 14.3.0]
DEBUG: Max execution time tolerance is 3h
DEBUG: ${HPC_WORKSPACE}/miniconda3/envs/mdprep/bin/antechamber -dr no -i CPPF_RESP2.mol2 -fi mol2 -o tmp -fo ac -pf y
DEBUG: Info: The atom type is set to gaff; the options available to the -at flag are
 gaff, gaff2, amber, bcc, abcg2, and sybyl.


DEBUG: setResNameCheckCoords done
==> Reading user's charges from mol2 file...
DEBUG: ${HPC_WORKSPACE}/miniconda3/envs/mdprep/bin/antechamber -dr no -i CPPF_RESP2.mol2 -fi mol2 -o tmp -fo mol2 -c wc -cf tmp.crg -pf n
DEBUG: ++++++++++start_quote+++++++++++++++++++++++++++++++++++++++++++++++++++++++++++
DEBUG: Info: The atom type is set to gaff; the options available to the -at flag are
 gaff, gaff2, amber, bcc, abcg2, and sybyl.


DEBUG: ++++++++++end_quote+++++++++++++++++++++++++++++++++++++++++++++++++++++++++++++
DEBUG: readMol2TotalCharge: -1.0000000003410059e-06
DEBUG: Net charge drift '0.000001'
==> ... charge set to 0
==> Executing Antechamber...
DEBUG: ${HPC_WORKSPACE}/miniconda3/envs/mdprep/bin/antechamber -dr no -i CPPF_RESP2.mol2 -fi mol2 -o CPPF_RESP2_user_gaff2.mol2 -fo mol2 -nc 0 -m 1 -s 2 -df 2 -at gaff2 -pf n 
DEBUG: No file left to be removed
==> * Antechamber OK *
DEBUG: ${HPC_WORKSPACE}/miniconda3/envs/mdprep/bin/parmchk2 -i CPPF_RESP2_user_gaff2.mol2 -f mol2 -o CPPF_RESP2_AC.frcmod -s 2
==> * Parmchk OK *
DEBUG: No crd or prm files left to be removed
==> Executing Tleap...
DEBUG: ${HPC_WORKSPACE}/miniconda3/envs/mdprep/bin/tleap -f tleap.in
DEBUG: ++++++++++start_quote+++++++++++++++++++++++++++++++++++++++++++++++++++++++++++
DEBUG: Checking 'UNL'....
Checking parameters for unit 'UNL'.
Checking for bond parameters.
Checking for angle parameters.
Unit is OK.
DEBUG: ++++++++++end_quote+++++++++++++++++++++++++++++++++++++++++++++++++++++++++++++
==> * Tleap OK *
==> Removing temporary files...
DEBUG: prmtop and inpcrd files loaded
DEBUG: basename defined = 'CPPF_RESP2'
DEBUG: getCoords done
DEBUG: getABCOEFs done
DEBUG: atom name 'Cl' HAS to be all UPPERCASE... Applying this here.
DEBUG: charge to be balanced: total -0.0000009990
DEBUG: balanceCharges done
DEBUG: Balanced TotalCharge -0.0000000000
DEBUG: PBC = None
DEBUG: getAtoms done
DEBUG: getBonds done
DEBUG: getAngles done
DEBUG: getDihedrals done
==> Using OpenBabel v.3.1.0

==> Writing GROMACS files

==> Disambiguating lower and uppercase atomtypes in GMX top file, even if identical.

DEBUG: writing GRO file
DEBUG: Box size estimated
DEBUG: writing POSRE file
DEBUG: atomTypes 12
DEBUG: GMX atomtypes done
DEBUG: atoms 32
DEBUG: GMX atoms done
DEBUG: bonds 34
DEBUG: GMX bonds done
DEBUG: atomPairs 65
DEBUG: GMX pairs done
DEBUG: angles 53
DEBUG: GMX angles done
DEBUG: setProperDihedralsCoef done
DEBUG: properDihedralsCoefRB 76
DEBUG: properDihedralsAlphaGamma 0
DEBUG: properDihedralsGmx45 85
==> Writing GMX dihedrals for GMX 4.5 and higher.

DEBUG: GMX special proper dihedrals done
DEBUG: improperDihedrals 17
DEBUG: GMX improper dihedrals done
==> Writing pickle file CPPF_RESP2.pkl
==> Removing temporary files...
Total time of execution: 2s
DEBUG: No tmp folder left to be removed
