                :-) GROMACS - gmx mdrun, 2024.5-conda_forge (-:

Copyright 1991-2024 The GROMACS Authors.
GROMACS is free software; you can redistribute it and/or modify it
under the terms of the GNU Lesser General Public License
as published by the Free Software Foundation; either version 2.1
of the License, or (at your option) any later version.

                         Current GROMACS contributors:
       Mark Abraham           Andrey Alekseenko           Vladimir Basov      
      Cathrine Bergh            Eliane Briand               Ania Brown        
      Mahesh Doijade            Giacomo Fiorin          Stefan Fleischmann    
      Sergey Gorelov         Gilles Gouaillardet            Alan Gray         
     M. Eric Irrgang         Farzaneh Jalalypour            Joe Jordan        
     Carsten Kutzner           Justin A. Lemkul          Magnus Lundborg      
       Pascal Merz              Vedran Miletic            Dmitry Morozov      
       Julien Nabet              Szilard Pall        Andrea Pasquadibisceglie 
    Michele Pellegrino          Hubert Santuz             Roland Schulz       
     Tatiana Shugaeva          Alexey Shvetsov            Philip Turner       
     Alessandra Villa      Sebastian Wingbermuehle  

                         Previous GROMACS contributors:
        Emile Apol             Rossen Apostolov           James Barnett       
        Paul Bauer          Herman J.C. Berendsen          Par Bjelkmar       
      Christian Blau          Viacheslav Bolnykh            Kevin Boyd        
    Aldert van Buuren          Carlo Camilloni           Rudi van Drunen      
      Anton Feenstra           Oliver Fleetwood            Vytas Gapsys       
       Gaurav Garg             Gerrit Groenhof            Bert de Groot       
      Anca Hamuraru           Vincent Hindriksen          Victor Holanda      
     Aleksei Iupinov          Christoph Junghans        Prashanth Kanduri     
   Dimitrios Karkoulis           Peter Kasson             Sebastian Kehl      
     Sebastian Keller             Jiri Kraus               Per Larsson        
      Viveca Lindahl            Erik Marklund           Pieter Meulenhoff     
      Teemu Murtola              Sander Pronk             Michael Shirts      
      Alfons Sijbers            Balint Soproni         David van der Spoel    
      Peter Tieleman            Carsten Uphoff             Jon Vincent        
     Teemu Virolainen         Christian Wennberg           Maarten Wolf       
      Artem Zhmurov       

                  Coordinated by the GROMACS project leaders:
                           Berk Hess and Erik Lindahl

GROMACS:      gmx mdrun, version 2024.5-conda_forge
Executable:   ${HPC_WORKSPACE}/miniconda3/envs/gmx-lite/bin.AVX2_256/gmx
Data prefix:  ${HPC_WORKSPACE}/miniconda3/envs/gmx-lite
Working dir:  ${HPC_WORKSPACE}/GITHUB_NAMESPACE/TUB-CPPF/tubulin-cppf-md/revision_exec
Process ID:   1036663
Command line:
  gmx mdrun -deffnm rep1_resp2_gate/npt/npt -v

GROMACS version:     2024.5-conda_forge
Precision:           mixed
Memory model:        64 bit
MPI library:         thread_mpi
OpenMP support:      enabled (GMX_OPENMP_MAX_THREADS = 128)
GPU support:         OpenCL
NBNxM GPU setup:     super-cluster 2x2x2 / cluster 8
SIMD instructions:   AVX2_256
CPU FFT library:     fftw-3.3.10-sse2-avx
GPU FFT library:     clFFT
Multi-GPU FFT:       none
RDTSCP usage:        disabled
TNG support:         enabled
Hwloc support:       disabled
Tracing support:     disabled
C compiler:          /home/conda/feedstock_root/build_artifacts/gromacs_1737879903961/_build_env/bin/x86_64-conda-linux-gnu-cc GNU 13.3.0
C compiler flags:    -fexcess-precision=fast -funroll-all-loops -mavx2 -mfma -Wno-missing-field-initializers -O3 -DNDEBUG
C++ compiler:        /home/conda/feedstock_root/build_artifacts/gromacs_1737879903961/_build_env/bin/x86_64-conda-linux-gnu-c++ GNU 13.3.0
C++ compiler flags:  -fexcess-precision=fast -funroll-all-loops -mavx2 -mfma -Wno-missing-field-initializers -Wno-cast-function-type-strict SHELL:-fopenmp -O3 -DNDEBUG
BLAS library:        Internal
LAPACK library:      Internal
OpenCL include dir:  ${HPC_WORKSPACE}/miniconda3/envs/gmx-lite/include
OpenCL library:      ${HPC_WORKSPACE}/miniconda3/envs/gmx-lite/lib/libOpenCL.so
OpenCL version:      3.0


Running on 1 node with total 64 cores, 128 processing units (GPU detection failed)
Hardware detected on host ac38d33c30c5:
  CPU info:
    Vendor: Intel
    Brand:  Intel(R) Xeon(R) Platinum 8358P CPU @ 2.60GHz
    Family: 6   Model: 106   Stepping: 6
    Features: aes apic avx avx2 avx512f avx512cd avx512bw avx512vl avx512secondFMA clfsh cmov cx8 cx16 f16c fma htt intel lahf mmx msr nonstop_tsc pcid pclmuldq pdcm pdpe1gb popcnt pse rdrnd rdtscp sha sse2 sse3 sse4.1 sse4.2 ssse3 tdt x2apic
    Number of AVX-512 FMA units: 2
  Hardware topology: Basic
    Packages, cores, and logical processors:
    [indices refer to OS logical processors]
      Package  0: [   0  64] [   1  65] [   2  66] [   3  67] [   4  68] [   5  69] [   6  70] [   7  71] [   8  72] [   9  73] [  10  74] [  11  75] [  12  76] [  13  77] [  14  78] [  15  79] [  16  80] [  17  81] [  18  82] [  19  83] [  20  84] [  21  85] [  22  86] [  23  87] [  24  88] [  25  89] [  26  90] [  27  91] [  28  92] [  29  93] [  30  94] [  31  95]
      Package  1: [  32  96] [  33  97] [  34  98] [  35  99] [  36 100] [  37 101] [  38 102] [  39 103] [  40 104] [  41 105] [  42 106] [  43 107] [  44 108] [  45 109] [  46 110] [  47 111] [  48 112] [  49 113] [  50 114] [  51 115] [  52 116] [  53 117] [  54 118] [  55 119] [  56 120] [  57 121] [  58 122] [  59 123] [  60 124] [  61 125] [  62 126] [  63 127]
    CPU limit set by OS: 8   Recommended max number of threads: 8

Likely fastest SIMD instructions supported by all nodes: AVX_512
SIMD instructions selected at compile time:              AVX2_256
Merely a note: it is unfortunately hard to know for sure which SIMD
instructons will perform best on this hardware. For non-GPU runs
on Intel CPUs with dual AVX-512 units, using AVX-512 can be good,
while AVX2 is often better for runs also using a GPU. Typically
this is just a few percent, so don't worry unless you are tuning.

The current CPU can measure timings more accurately than the code in
gmx mdrun was configured to use. This might affect your simulation
speed as accurate timings are needed for load-balancing.
Please consider rebuilding gmx mdrun with the GMX_USE_RDTSCP=ON CMake option.

++++ PLEASE READ AND CITE THE FOLLOWING REFERENCE ++++
M. J. Abraham, T. Murtola, R. Schulz, S. Páll, J. C. Smith, B. Hess, E.
Lindahl
GROMACS: High performance molecular simulations through multi-level
parallelism from laptops to supercomputers
SoftwareX 1 (2015) pp. 19-25
-------- -------- --- Thank You --- -------- --------


++++ PLEASE READ AND CITE THE FOLLOWING REFERENCE ++++
S. Páll, M. J. Abraham, C. Kutzner, B. Hess, E. Lindahl
Tackling Exascale Software Challenges in Molecular Dynamics Simulations with
GROMACS
In S. Markidis & E. Laure (Eds.), Solving Software Challenges for Exascale 8759 (2015) pp. 3-27
-------- -------- --- Thank You --- -------- --------


++++ PLEASE READ AND CITE THE FOLLOWING REFERENCE ++++
S. Pronk, S. Páll, R. Schulz, P. Larsson, P. Bjelkmar, R. Apostolov, M. R.
Shirts, J. C. Smith, P. M. Kasson, D. van der Spoel, B. Hess, and E. Lindahl
GROMACS 4.5: a high-throughput and highly parallel open source molecular
simulation toolkit
Bioinformatics 29 (2013) pp. 845-54
-------- -------- --- Thank You --- -------- --------


++++ PLEASE READ AND CITE THE FOLLOWING REFERENCE ++++
B. Hess and C. Kutzner and D. van der Spoel and E. Lindahl
GROMACS 4: Algorithms for highly efficient, load-balanced, and scalable
molecular simulation
J. Chem. Theory Comput. 4 (2008) pp. 435-447
-------- -------- --- Thank You --- -------- --------


++++ PLEASE READ AND CITE THE FOLLOWING REFERENCE ++++
D. van der Spoel, E. Lindahl, B. Hess, G. Groenhof, A. E. Mark and H. J. C.
Berendsen
GROMACS: Fast, Flexible and Free
J. Comp. Chem. 26 (2005) pp. 1701-1719
-------- -------- --- Thank You --- -------- --------


++++ PLEASE READ AND CITE THE FOLLOWING REFERENCE ++++
E. Lindahl and B. Hess and D. van der Spoel
GROMACS 3.0: A package for molecular simulation and trajectory analysis
J. Mol. Mod. 7 (2001) pp. 306-317
-------- -------- --- Thank You --- -------- --------


++++ PLEASE READ AND CITE THE FOLLOWING REFERENCE ++++
H. J. C. Berendsen, D. van der Spoel and R. van Drunen
GROMACS: A message-passing parallel molecular dynamics implementation
Comp. Phys. Comm. 91 (1995) pp. 43-56
-------- -------- --- Thank You --- -------- --------


Multiple energy groups is not implemented for GPUs, falling back to the CPU. For better performance, run on the GPU without energy groups and then do gmx mdrun -rerun option on the trajectory with an energy group .tpr file.
Input Parameters:
   integrator                     = md
   tinit                          = 0
   dt                             = 0.002
   nsteps                         = 10000
   init-step                      = 0
   simulation-part                = 1
   mts                            = false
   mass-repartition-factor        = 1
   comm-mode                      = Linear
   nstcomm                        = 100
   bd-fric                        = 0
   ld-seed                        = 232711613
   emtol                          = 10
   emstep                         = 0.01
   niter                          = 20
   fcstep                         = 0
   nstcgsteep                     = 1000
   nbfgscorr                      = 10
   rtpi                           = 0.05
   nstxout                        = 500
   nstvout                        = 500
   nstfout                        = 0
   nstlog                         = 500
   nstcalcenergy                  = 100
   nstenergy                      = 500
   nstxout-compressed             = 0
   compressed-x-precision         = 1000
   cutoff-scheme                  = Verlet
   nstlist                        = 10
   pbc                            = xyz
   periodic-molecules             = false
   verlet-buffer-tolerance        = 0.005
   verlet-buffer-pressure-tolerance = 0.5
   rlist                          = 1.4
   coulombtype                    = PME
   coulomb-modifier               = Potential-shift
   rcoulomb-switch                = 0
   rcoulomb                       = 1.4
   epsilon-r                      = 1
   epsilon-rf                     = inf
   vdw-type                       = Cut-off
   vdw-modifier                   = Potential-shift
   rvdw-switch                    = 0
   rvdw                           = 1.4
   DispCorr                       = EnerPres
   table-extension                = 1
   fourierspacing                 = 0.16
   fourier-nx                     = 96
   fourier-ny                     = 96
   fourier-nz                     = 96
   pme-order                      = 4
   ewald-rtol                     = 1e-05
   ewald-rtol-lj                  = 0.001
   lj-pme-comb-rule               = Geometric
   ewald-geometry                 = 3d
   epsilon-surface                = 0
   ensemble-temperature-setting   = constant
   ensemble-temperature           = 300
   tcoupl                         = V-rescale
   nsttcouple                     = 10
   nh-chain-length                = 0
   print-nose-hoover-chain-variables = false
   pcoupl                         = C-rescale
   pcoupltype                     = Isotropic
   nstpcouple                     = 100
   tau-p                          = 1
   compressibility (3x3):
      compressibility[    0]={ 4.50000e-05,  0.00000e+00,  0.00000e+00}
      compressibility[    1]={ 0.00000e+00,  4.50000e-05,  0.00000e+00}
      compressibility[    2]={ 0.00000e+00,  0.00000e+00,  4.50000e-05}
   ref-p (3x3):
      ref-p[    0]={ 1.00000e+00,  0.00000e+00,  0.00000e+00}
      ref-p[    1]={ 0.00000e+00,  1.00000e+00,  0.00000e+00}
      ref-p[    2]={ 0.00000e+00,  0.00000e+00,  1.00000e+00}
   refcoord-scaling               = COM
   posres-com (3):
      posres-com[0]= 5.01131e-01
      posres-com[1]= 5.00750e-01
      posres-com[2]= 5.00165e-01
   posres-comB (3):
      posres-comB[0]= 5.01131e-01
      posres-comB[1]= 5.00750e-01
      posres-comB[2]= 5.00165e-01
   QMMM                           = false
qm-opts:
   ngQM                           = 0
   constraint-algorithm           = Lincs
   continuation                   = true
   Shake-SOR                      = false
   shake-tol                      = 0.0001
   lincs-order                    = 4
   lincs-iter                     = 1
   lincs-warnangle                = 30
   nwall                          = 0
   wall-type                      = 9-3
   wall-r-linpot                  = -1
   wall-atomtype[0]               = -1
   wall-atomtype[1]               = -1
   wall-density[0]                = 0
   wall-density[1]                = 0
   wall-ewald-zfac                = 3
   pull                           = false
   awh                            = false
   rotation                       = false
   interactiveMD                  = false
   disre                          = No
   disre-weighting                = Conservative
   disre-mixed                    = false
   dr-fc                          = 1000
   dr-tau                         = 0
   nstdisreout                    = 100
   orire-fc                       = 0
   orire-tau                      = 0
   nstorireout                    = 100
   free-energy                    = no
   cos-acceleration               = 0
   deform (3x3):
      deform[    0]={ 0.00000e+00,  0.00000e+00,  0.00000e+00}
      deform[    1]={ 0.00000e+00,  0.00000e+00,  0.00000e+00}
      deform[    2]={ 0.00000e+00,  0.00000e+00,  0.00000e+00}
   simulated-tempering            = false
   swapcoords                     = no
   userint1                       = 0
   userint2                       = 0
   userint3                       = 0
   userint4                       = 0
   userreal1                      = 0
   userreal2                      = 0
   userreal3                      = 0
   userreal4                      = 0
   applied-forces:
     electric-field:
       x:
         E0                       = 0
         omega                    = 0
         t0                       = 0
         sigma                    = 0
       y:
         E0                       = 0
         omega                    = 0
         t0                       = 0
         sigma                    = 0
       z:
         E0                       = 0
         omega                    = 0
         t0                       = 0
         sigma                    = 0
     density-guided-simulation:
       active                     = false
       group                      = protein
       similarity-measure         = inner-product
       atom-spreading-weight      = unity
       force-constant             = 1e+09
       gaussian-transform-spreading-width = 0.2
       gaussian-transform-spreading-range-in-multiples-of-width = 4
       reference-density-filename = reference.mrc
       nst                        = 1
       normalize-densities        = true
       adaptive-force-scaling     = false
       adaptive-force-scaling-time-constant = 4
       shift-vector               = 
       transformation-matrix      = 
     qmmm-cp2k:
       active                     = false
       qmgroup                    = System
       qmmethod                   = PBE
       qmfilenames                = 
       qmcharge                   = 0
       qmmultiplicity             = 1
     colvars:
       active                     = false
       configfile                 = 
       seed                       = -1
grpopts:
   nrdf:     27627.8      325035
   ref-t:         300         300
   tau-t:         0.1         0.1
annealing:          No          No
annealing-npoints:           0           0
   acc:	           0           0           0
   nfreeze:           N           N           N
   energygrp-flags[  0]: 0 0 0
   energygrp-flags[  1]: 0 0 0
   energygrp-flags[  2]: 0 0 0

Changing nstlist from 10 to 100, rlist from 1.4 to 1.53


Update groups can not be used for this system because there are three or more consecutively coupled constraints

Initializing Domain Decomposition on 1 ranks
Dynamic load balancing: auto
Minimum cell size due to atom displacement: 0.754 nm
Initial maximum distances in bonded interactions:
    two-body bonded interactions: 0.426 nm, LJ-14, atoms 3071 3079
  multi-body bonded interactions: 0.426 nm, Proper Dih., atoms 3071 3079
Minimum cell size due to bonded interactions: 0.468 nm
Maximum distance for 5 constraints, at 120 deg. angles, all-trans: 0.819 nm
Estimated maximum distance required for P-LINCS: 0.819 nm
This distance will limit the DD cell size, you can override this with -rcon
Using 0 separate PME ranks because: there are too few total ranks for efficient splitting
Optimizing the DD grid for 1 cells with a minimum initial size of 0.819 nm
The maximum allowed number of cells is: X 13 Y 13 Z 11
Domain decomposition grid 1 x 1 x 1, separate PME ranks 0
PME domain decomposition: 1 x 1 x 1

The initial number of communication pulses is:
The initial domain decomposition cell size is:

The maximum allowed distance for atoms involved in interactions is:
                 non-bonded interactions           1.530 nm
(the following are initial values, they could change due to box deformation)
            two-body bonded interactions  (-rdd)   1.530 nm
          multi-body bonded interactions  (-rdd)   1.530 nm
  atoms separated by up to 5 constraints  (-rcon)  9.626 nm

When dynamic load balancing gets turned on, these settings will change to:
The maximum number of communication pulses is:
The minimum size for domain decomposition cells is 1.530 nm
The requested allowed shrink of DD cells (option -dds) is: 0.80
The allowed shrink of domain decomposition cells is:
The maximum allowed distance for atoms involved in interactions is:
                 non-bonded interactions           1.530 nm
            two-body bonded interactions  (-rdd)   1.530 nm
          multi-body bonded interactions  (-rdd)   1.530 nm
  atoms separated by up to 5 constraints  (-rcon)  1.530 nm

Using 1 MPI thread
Using 8 OpenMP threads 

System total charge: 0.000
Will do PME sum in reciprocal space for electrostatic interactions.

++++ PLEASE READ AND CITE THE FOLLOWING REFERENCE ++++
U. Essmann, L. Perera, M. L. Berkowitz, T. Darden, H. Lee and L. G. Pedersen 
A smooth particle mesh Ewald method
J. Chem. Phys. 103 (1995) pp. 8577-8592
-------- -------- --- Thank You --- -------- --------

Using a Gaussian width (1/beta) of 0.448228 nm for Ewald
Potential shift: LJ r^-12: -1.764e-02 r^-6: -1.328e-01, Ewald -7.143e-06
Initialized non-bonded Coulomb Ewald tables, spacing: 1.10e-03 size: 1270

Generated table with 1265 data points for 1-4 COUL.
Tabscale = 500 points/nm
Generated table with 1265 data points for 1-4 LJ6.
Tabscale = 500 points/nm
Generated table with 1265 data points for 1-4 LJ12.
Tabscale = 500 points/nm
Long Range LJ corr.: <C6> 3.1633e-04


Using SIMD4xM 4x8 nonbonded short-range kernels

Using a dual 4x8 pair-list setup updated with dynamic pruning:
  outer list: updated every 100 steps, buffer 0.130 nm, rlist 1.530 nm
  inner list: updated every  13 steps, buffer 0.000 nm, rlist 1.400 nm
At tolerance 0.005 kJ/mol/ps per atom, equivalent classical 1x1 list would be:
  outer list: updated every 100 steps, buffer 0.286 nm, rlist 1.686 nm
  inner list: updated every  13 steps, buffer 0.050 nm, rlist 1.450 nm

The average pressure is off by at most 0.24 bar due to missing LJ interactions

Using Lorentz-Berthelot Lennard-Jones combination rule

Linking all bonded interactions to atoms


NOTE: OS CPU limit is lower than logical cpu count, thread pinning disabled.

Initializing Parallel LINear Constraint Solver

++++ PLEASE READ AND CITE THE FOLLOWING REFERENCE ++++
B. Hess
P-LINCS: A Parallel Linear Constraint Solver for molecular simulation
J. Chem. Theory Comput. 4 (2008) pp. 116-122
-------- -------- --- Thank You --- -------- --------

The number of constraints is 14051
There are constraints between atoms in different decomposition domains,
will communicate selected coordinates each lincs iteration

++++ PLEASE READ AND CITE THE FOLLOWING REFERENCE ++++
S. Miyamoto and P. A. Kollman
SETTLE: An Analytical Version of the SHAKE and RATTLE Algorithms for Rigid
Water Models
J. Comp. Chem. 13 (1992) pp. 952-962
-------- -------- --- Thank You --- -------- --------


++++ PLEASE READ AND CITE THE FOLLOWING REFERENCE ++++
G. Bussi, D. Donadio and M. Parrinello
Canonical sampling through velocity rescaling
J. Chem. Phys. 126 (2007) pp. 014101
-------- -------- --- Thank You --- -------- --------


++++ PLEASE READ AND CITE THE FOLLOWING REFERENCE ++++
M. Bernetti, G. Bussi
Pressure control using stochastic cell rescaling
J. Chem. Phys. 153 (2020) pp. 114107
-------- -------- --- Thank You --- -------- --------

There are: 176228 Atoms

Atom distribution over 1 domains: av 176228 stddev 0 min 176228 max 176228
Center of mass motion removal mode is Linear
We have the following groups for center of mass motion removal:
  0:  rest

Started mdrun on rank 0 Fri Apr 17 15:51:53 2026

           Step           Time
              0        0.00000

   Energies (kJ/mol)
          Angle    Proper Dih. Per. Imp. Dih.          LJ-14     Coulomb-14
    2.88090e+04    3.62265e+04    1.77999e+03    1.56147e+04    1.58029e+05
        LJ (SR)  Disper. corr.   Coulomb (SR)   Coul. recip. Position Rest.
    3.03054e+05   -8.40391e+03   -2.95904e+06    5.41599e+03    8.84803e-01
      Potential    Kinetic En.   Total Energy  Conserved En.    Temperature
   -2.41851e+06    4.40296e+05   -1.97821e+06   -1.97809e+06    3.00318e+02
 Pres. DC (bar) Pressure (bar)   Constr. rmsd
   -7.82708e+01   -6.08422e+01    2.70099e-05

           Step           Time
            500        1.00000

   Energies (kJ/mol)
          Angle    Proper Dih. Per. Imp. Dih.          LJ-14     Coulomb-14
    2.94807e+04    3.62551e+04    1.85457e+03    1.55095e+04    1.58104e+05
        LJ (SR)  Disper. corr.   Coulomb (SR)   Coul. recip. Position Rest.
    3.04620e+05   -8.45240e+03   -2.96507e+06    5.59088e+03    2.98679e+03
      Potential    Kinetic En.   Total Energy  Conserved En.    Temperature
   -2.41912e+06    4.41680e+05   -1.97744e+06   -1.97622e+06    3.01262e+02
 Pres. DC (bar) Pressure (bar)   Constr. rmsd
   -7.91764e+01   -1.68815e+02    2.81196e-05

           Step           Time
           1000        2.00000

   Energies (kJ/mol)
          Angle    Proper Dih. Per. Imp. Dih.          LJ-14     Coulomb-14
    2.91616e+04    3.60700e+04    1.72901e+03    1.54402e+04    1.58367e+05
        LJ (SR)  Disper. corr.   Coulomb (SR)   Coul. recip. Position Rest.
    3.00771e+05   -8.48058e+03   -2.96347e+06    5.46182e+03    3.08147e+03
      Potential    Kinetic En.   Total Energy  Conserved En.    Temperature
   -2.42187e+06    4.40602e+05   -1.98127e+06   -1.97537e+06    3.00526e+02
 Pres. DC (bar) Pressure (bar)   Constr. rmsd
   -7.97048e+01   -1.32694e+02    2.75538e-05

           Step           Time
           1500        3.00000

   Energies (kJ/mol)
          Angle    Proper Dih. Per. Imp. Dih.          LJ-14     Coulomb-14
    2.89916e+04    3.64888e+04    1.76459e+03    1.54512e+04    1.58145e+05
        LJ (SR)  Disper. corr.   Coulomb (SR)   Coul. recip. Position Rest.
    3.05463e+05   -8.50025e+03   -2.96716e+06    5.40849e+03    3.15889e+03
      Potential    Kinetic En.   Total Energy  Conserved En.    Temperature
   -2.42079e+06    4.42084e+05   -1.97870e+06   -1.97530e+06    3.01537e+02
 Pres. DC (bar) Pressure (bar)   Constr. rmsd
   -8.00750e+01    5.00960e+01    2.76945e-05

           Step           Time
           2000        4.00000

   Energies (kJ/mol)
          Angle    Proper Dih. Per. Imp. Dih.          LJ-14     Coulomb-14
    2.88423e+04    3.62496e+04    1.78131e+03    1.55429e+04    1.58050e+05
        LJ (SR)  Disper. corr.   Coulomb (SR)   Coul. recip. Position Rest.
    3.04314e+05   -8.49679e+03   -2.96586e+06    5.41981e+03    3.11964e+03
      Potential    Kinetic En.   Total Energy  Conserved En.    Temperature
   -2.42104e+06    4.38963e+05   -1.98207e+06   -1.97574e+06    2.99408e+02
 Pres. DC (bar) Pressure (bar)   Constr. rmsd
   -8.00098e+01    5.60511e+01    2.74510e-05

           Step           Time
           2500        5.00000

   Energies (kJ/mol)
          Angle    Proper Dih. Per. Imp. Dih.          LJ-14     Coulomb-14
    2.90666e+04    3.62530e+04    1.70591e+03    1.53862e+04    1.58060e+05
        LJ (SR)  Disper. corr.   Coulomb (SR)   Coul. recip. Position Rest.
    3.07367e+05   -8.47294e+03   -2.96995e+06    5.52551e+03    3.20547e+03
      Potential    Kinetic En.   Total Energy  Conserved En.    Temperature
   -2.42185e+06    4.37761e+05   -1.98409e+06   -1.97612e+06    2.98588e+02
 Pres. DC (bar) Pressure (bar)   Constr. rmsd
   -7.95615e+01   -4.49931e+01    2.72363e-05

           Step           Time
           3000        6.00000

   Energies (kJ/mol)
          Angle    Proper Dih. Per. Imp. Dih.          LJ-14     Coulomb-14
    2.91441e+04    3.60825e+04    1.70451e+03    1.54546e+04    1.58048e+05
        LJ (SR)  Disper. corr.   Coulomb (SR)   Coul. recip. Position Rest.
    3.01999e+05   -8.47274e+03   -2.96312e+06    5.43043e+03    3.19785e+03
      Potential    Kinetic En.   Total Energy  Conserved En.    Temperature
   -2.42053e+06    4.39163e+05   -1.98137e+06   -1.97602e+06    2.99545e+02
 Pres. DC (bar) Pressure (bar)   Constr. rmsd
   -7.95578e+01   -1.58853e+02    2.70429e-05

           Step           Time
           3500        7.00000

   Energies (kJ/mol)
          Angle    Proper Dih. Per. Imp. Dih.          LJ-14     Coulomb-14
    2.93212e+04    3.61845e+04    1.82725e+03    1.54096e+04    1.57888e+05
        LJ (SR)  Disper. corr.   Coulomb (SR)   Coul. recip. Position Rest.
    3.03631e+05   -8.48115e+03   -2.96289e+06    5.53330e+03    3.15428e+03
      Potential    Kinetic En.   Total Energy  Conserved En.    Temperature
   -2.41842e+06    4.40534e+05   -1.97789e+06   -1.97570e+06    3.00480e+02
 Pres. DC (bar) Pressure (bar)   Constr. rmsd
   -7.97156e+01   -6.42041e+01    2.78542e-05

           Step           Time
           4000        8.00000

   Energies (kJ/mol)
          Angle    Proper Dih. Per. Imp. Dih.          LJ-14     Coulomb-14
    2.90107e+04    3.62135e+04    1.82435e+03    1.55419e+04    1.58021e+05
        LJ (SR)  Disper. corr.   Coulomb (SR)   Coul. recip. Position Rest.
    3.04429e+05   -8.50030e+03   -2.96503e+06    5.48662e+03    3.18695e+03
      Potential    Kinetic En.   Total Energy  Conserved En.    Temperature
   -2.41982e+06    4.37282e+05   -1.98254e+06   -1.97530e+06    2.98262e+02
 Pres. DC (bar) Pressure (bar)   Constr. rmsd
   -8.00759e+01    7.88504e+00    2.68643e-05

           Step           Time
           4500        9.00000

   Energies (kJ/mol)
          Angle    Proper Dih. Per. Imp. Dih.          LJ-14     Coulomb-14
    2.95370e+04    3.61153e+04    1.79448e+03    1.55416e+04    1.58019e+05
        LJ (SR)  Disper. corr.   Coulomb (SR)   Coul. recip. Position Rest.
    3.06026e+05   -8.50025e+03   -2.96796e+06    5.45296e+03    3.14989e+03
      Potential    Kinetic En.   Total Energy  Conserved En.    Temperature
   -2.42082e+06    4.39608e+05   -1.98121e+06   -1.97567e+06    2.99848e+02
 Pres. DC (bar) Pressure (bar)   Constr. rmsd
   -8.00749e+01    1.60317e+02    2.58367e-05

           Step           Time
           5000       10.00000

   Energies (kJ/mol)
          Angle    Proper Dih. Per. Imp. Dih.          LJ-14     Coulomb-14
    2.90385e+04    3.64544e+04    1.86193e+03    1.54594e+04    1.58115e+05
        LJ (SR)  Disper. corr.   Coulomb (SR)   Coul. recip. Position Rest.
    3.03420e+05   -8.48706e+03   -2.96660e+06    5.47470e+03    3.21830e+03
      Potential    Kinetic En.   Total Energy  Conserved En.    Temperature
   -2.42204e+06    4.40792e+05   -1.98125e+06   -1.97604e+06    3.00656e+02
 Pres. DC (bar) Pressure (bar)   Constr. rmsd
   -7.98267e+01   -2.62342e+01    2.70197e-05

           Step           Time
           5500       11.00000

   Energies (kJ/mol)
          Angle    Proper Dih. Per. Imp. Dih.          LJ-14     Coulomb-14
    2.89265e+04    3.62642e+04    1.92059e+03    1.57400e+04    1.58152e+05
        LJ (SR)  Disper. corr.   Coulomb (SR)   Coul. recip. Position Rest.
    3.04100e+05   -8.51280e+03   -2.96666e+06    5.58512e+03    3.22711e+03
      Potential    Kinetic En.   Total Energy  Conserved En.    Temperature
   -2.42125e+06    4.39384e+05   -1.98187e+06   -1.97535e+06    2.99695e+02
 Pres. DC (bar) Pressure (bar)   Constr. rmsd
   -8.03115e+01    6.13225e+01    2.56078e-05

           Step           Time
           6000       12.00000

   Energies (kJ/mol)
          Angle    Proper Dih. Per. Imp. Dih.          LJ-14     Coulomb-14
    2.93749e+04    3.63887e+04    1.80435e+03    1.54447e+04    1.57580e+05
        LJ (SR)  Disper. corr.   Coulomb (SR)   Coul. recip. Position Rest.
    3.05458e+05   -8.49232e+03   -2.96742e+06    5.46227e+03    3.20789e+03
      Potential    Kinetic En.   Total Energy  Conserved En.    Temperature
   -2.42119e+06    4.41312e+05   -1.97988e+06   -1.97607e+06    3.01011e+02
 Pres. DC (bar) Pressure (bar)   Constr. rmsd
   -7.99257e+01    1.01965e+01    2.68567e-05

           Step           Time
           6500       13.00000

   Energies (kJ/mol)
          Angle    Proper Dih. Per. Imp. Dih.          LJ-14     Coulomb-14
    2.93661e+04    3.62496e+04    1.80453e+03    1.54240e+04    1.58253e+05
        LJ (SR)  Disper. corr.   Coulomb (SR)   Coul. recip. Position Rest.
    3.02301e+05   -8.48855e+03   -2.96296e+06    5.31607e+03    3.35913e+03
      Potential    Kinetic En.   Total Energy  Conserved En.    Temperature
   -2.41938e+06    4.41388e+05   -1.97799e+06   -1.97610e+06    3.01062e+02
 Pres. DC (bar) Pressure (bar)   Constr. rmsd
   -7.98548e+01   -1.15685e+02    2.77158e-05

           Step           Time
           7000       14.00000

   Energies (kJ/mol)
          Angle    Proper Dih. Per. Imp. Dih.          LJ-14     Coulomb-14
    2.89357e+04    3.62808e+04    1.72360e+03    1.55017e+04    1.57801e+05
        LJ (SR)  Disper. corr.   Coulomb (SR)   Coul. recip. Position Rest.
    3.03474e+05   -8.51365e+03   -2.96632e+06    5.48211e+03    3.30669e+03
      Potential    Kinetic En.   Total Energy  Conserved En.    Temperature
   -2.42233e+06    4.40495e+05   -1.98184e+06   -1.97599e+06    3.00453e+02
 Pres. DC (bar) Pressure (bar)   Constr. rmsd
   -8.03276e+01    1.16423e+01    2.68708e-05

           Step           Time
           7500       15.00000

   Energies (kJ/mol)
          Angle    Proper Dih. Per. Imp. Dih.          LJ-14     Coulomb-14
    2.91513e+04    3.61746e+04    1.73887e+03    1.54297e+04    1.57840e+05
        LJ (SR)  Disper. corr.   Coulomb (SR)   Coul. recip. Position Rest.
    3.04592e+05   -8.49993e+03   -2.96894e+06    5.50206e+03    3.28428e+03
      Potential    Kinetic En.   Total Energy  Conserved En.    Temperature
   -2.42373e+06    4.39776e+05   -1.98395e+06   -1.97596e+06    2.99963e+02
 Pres. DC (bar) Pressure (bar)   Constr. rmsd
   -8.00689e+01   -7.63054e+01    2.64312e-05

           Step           Time
           8000       16.00000

   Energies (kJ/mol)
          Angle    Proper Dih. Per. Imp. Dih.          LJ-14     Coulomb-14
    2.89841e+04    3.62881e+04    1.79140e+03    1.56443e+04    1.58253e+05
        LJ (SR)  Disper. corr.   Coulomb (SR)   Coul. recip. Position Rest.
    3.05405e+05   -8.49832e+03   -2.96911e+06    5.50124e+03    3.20897e+03
      Potential    Kinetic En.   Total Energy  Conserved En.    Temperature
   -2.42253e+06    4.39638e+05   -1.98289e+06   -1.97682e+06    2.99869e+02
 Pres. DC (bar) Pressure (bar)   Constr. rmsd
   -8.00385e+01    3.87622e+01    2.66858e-05

           Step           Time
           8500       17.00000

   Energies (kJ/mol)
          Angle    Proper Dih. Per. Imp. Dih.          LJ-14     Coulomb-14
    2.91893e+04    3.63262e+04    1.76154e+03    1.54538e+04    1.58223e+05
        LJ (SR)  Disper. corr.   Coulomb (SR)   Coul. recip. Position Rest.
    3.00622e+05   -8.47746e+03   -2.96017e+06    5.46763e+03    3.21680e+03
      Potential    Kinetic En.   Total Energy  Conserved En.    Temperature
   -2.41839e+06    4.40850e+05   -1.97754e+06   -1.97682e+06    3.00695e+02
 Pres. DC (bar) Pressure (bar)   Constr. rmsd
   -7.96463e+01   -1.69439e+02    2.77473e-05

           Step           Time
           9000       18.00000

   Energies (kJ/mol)
          Angle    Proper Dih. Per. Imp. Dih.          LJ-14     Coulomb-14
    2.98640e+04    3.62402e+04    1.76077e+03    1.52963e+04    1.57911e+05
        LJ (SR)  Disper. corr.   Coulomb (SR)   Coul. recip. Position Rest.
    3.03864e+05   -8.48795e+03   -2.96130e+06    5.58094e+03    3.21110e+03
      Potential    Kinetic En.   Total Energy  Conserved En.    Temperature
   -2.41606e+06    4.40603e+05   -1.97545e+06   -1.97690e+06    3.00527e+02
 Pres. DC (bar) Pressure (bar)   Constr. rmsd
   -7.98434e+01   -9.21754e+01    2.83700e-05

           Step           Time
           9500       19.00000

   Energies (kJ/mol)
          Angle    Proper Dih. Per. Imp. Dih.          LJ-14     Coulomb-14
    2.90199e+04    3.63625e+04    1.83456e+03    1.55535e+04    1.58436e+05
        LJ (SR)  Disper. corr.   Coulomb (SR)   Coul. recip. Position Rest.
    3.03315e+05   -8.50135e+03   -2.96675e+06    5.59124e+03    3.12898e+03
      Potential    Kinetic En.   Total Energy  Conserved En.    Temperature
   -2.42201e+06    4.40478e+05   -1.98154e+06   -1.97682e+06    3.00442e+02
 Pres. DC (bar) Pressure (bar)   Constr. rmsd
   -8.00957e+01   -5.01203e+00    2.62036e-05

           Step           Time
          10000       20.00000

Writing checkpoint, step 10000 at Fri Apr 17 15:58:42 2026


   Energies (kJ/mol)
          Angle    Proper Dih. Per. Imp. Dih.          LJ-14     Coulomb-14
    2.92751e+04    3.63073e+04    1.82358e+03    1.55446e+04    1.57928e+05
        LJ (SR)  Disper. corr.   Coulomb (SR)   Coul. recip. Position Rest.
    3.03568e+05   -8.48566e+03   -2.96417e+06    5.51022e+03    3.34371e+03
      Potential    Kinetic En.   Total Energy  Conserved En.    Temperature
   -2.41935e+06    4.39124e+05   -1.98023e+06   -1.97708e+06    2.99518e+02
 Pres. DC (bar) Pressure (bar)   Constr. rmsd
   -7.98003e+01   -1.02380e+01    2.61587e-05


Energy conservation over simulation part #1 of length 20 ps, time 0 to 20 ps
  Conserved energy drift: 2.86e-04 kJ/mol/ps per atom


	<======  ###############  ==>
	<====  A V E R A G E S  ====>
	<==  ###############  ======>

	Statistics over 10001 steps using 101 frames

   Energies (kJ/mol)
          Angle    Proper Dih. Per. Imp. Dih.          LJ-14     Coulomb-14
    2.91290e+04    3.62644e+04    1.79892e+03    1.55222e+04    1.58049e+05
        LJ (SR)  Disper. corr.   Coulomb (SR)   Coul. recip. Position Rest.
    3.04000e+05   -8.48826e+03   -2.96541e+06    5.49701e+03    3.14295e+03
      Potential    Kinetic En.   Total Energy  Conserved En.    Temperature
   -2.42050e+06    4.39888e+05   -1.98061e+06   -1.97614e+06    3.00039e+02
 Pres. DC (bar) Pressure (bar)   Constr. rmsd
   -7.98496e+01   -1.58973e+01    0.00000e+00

          Box-X          Box-Y          Box-Z
    1.35675e+01    1.35675e+01    9.59370e+00

   Total Virial (kJ/mol)
    1.47368e+05    6.23283e+01    9.19723e+02
    6.10023e+01    1.47542e+05    7.14526e+01
    9.22179e+02    7.42146e+01    1.47529e+05

   Pressure (bar)
   -1.23941e+01    8.18780e-01   -1.74674e+01
    8.43757e-01   -1.51512e+01   -2.24820e-01
   -1.75135e+01   -2.76809e-01   -2.01466e+01

  Epot (kJ/mol)        Coul-SR          LJ-SR        Coul-14          LJ-14   
Protein-Protein   -2.85396e+05   -3.08200e+04    1.57749e+05    1.54876e+04
    Protein-CPP   -4.88313e+01   -1.52986e+02    0.00000e+00    0.00000e+00
   Protein-rest   -7.52744e+04   -4.74186e+03    0.00000e+00    0.00000e+00
        CPP-CPP   -3.60073e+02   -5.93693e+00    2.99784e+02    3.45704e+01
       CPP-rest   -4.64865e+01   -6.78074e+00    0.00000e+00    0.00000e+00
      rest-rest   -2.60429e+06    3.39727e+05    0.00000e+00    0.00000e+00

  T-Protein_CPPT-Water_and_ions
    2.99947e+02    3.00047e+02


	M E G A - F L O P S   A C C O U N T I N G

 NB=Group-cutoff nonbonded kernels    NxN=N-by-N cluster Verlet kernels
 RF=Reaction-Field  VdW=Van der Waals  QSTab=quadratic-spline table
 W3=SPC/TIP3p  W4=TIP4p (single or pairs)
 V&F=Potential and force  V=Potential only  F=Force only

 Computing:                               M-Number         M-Flops  % Flops
-----------------------------------------------------------------------------
 Pair Search distance check           11416.200508      102745.805     0.1
 NxN Ewald Elec. + LJ [F]           1329950.218608    87776714.428    54.2
 NxN Ewald Elec. + LJ [V&F]           13568.249536     1451802.700     0.9
 NxN Ewald Elec. [F]                1101567.837744    67195638.102    41.5
 NxN Ewald Elec. [V&F]                11238.229216      944011.254     0.6
 1,4 nonbonded interactions             364.316428       32788.479     0.0
 Calc Weights                          5287.368684      190345.273     0.1
 Spread Q Bspline                    112797.198592      225594.397     0.1
 Gather F Bspline                    112797.198592      676783.192     0.4
 3D-FFT                              349592.155720     2796737.246     1.7
 Solve PME                             4516.291584      289042.661     0.2
 Reset In Box                            17.622800          52.868     0.0
 CG-CoM                                  17.799028          53.397     0.0
 Angles                                 252.985296       42501.530     0.0
 Propers                                389.198916       89126.552     0.1
 Impropers                               28.872887        6005.560     0.0
 Pos. Restr.                             70.837083        3541.854     0.0
 Virial                                  17.803573         320.464     0.0
 Stop-CM                                 17.799028         177.990     0.0
 P-Coupling                              17.799028         106.794     0.0
 Calc-Ekin                              352.808456        9525.828     0.0
 Lincs                                  140.524051        8431.443     0.0
 Lincs-Mat                             3035.823552       12143.294     0.0
 Constraint-V                          1900.880069       17107.921     0.0
 Constraint-Vir                          17.777818         426.668     0.0
 Settle                                 539.943989      199779.276     0.1
-----------------------------------------------------------------------------
 Total                                               162071504.977   100.0
-----------------------------------------------------------------------------


    D O M A I N   D E C O M P O S I T I O N   S T A T I S T I C S

 av. #atoms communicated per step for force:  2 x 0.0
 av. #atoms communicated per step for LINCS:  2 x 0.0


      R E A L   C Y C L E   A N D   T I M E   A C C O U N T I N G

On 1 MPI rank, each using 8 OpenMP threads

 Activity:              Num   Num      Call    Wall time         Giga-Cycles
                        Ranks Threads  Count      (s)         total sum    %
--------------------------------------------------------------------------------
 Domain decomp.            1    8        100       1.583         32.851   0.4
 Neighbor search           1    8        101       6.609        137.148   1.6
 Force                     1    8      10001     351.888       7302.042  85.9
 PME mesh                  1    8      10001      38.913        807.484   9.5
 NB X/F buffer ops.        1    8      19901       2.997         62.187   0.7
 Write traj.               1    8         21       1.294         26.845   0.3
 Update                    1    8      10001       1.333         27.657   0.3
 Constraints               1    8      10001       4.801         99.629   1.2
 Rest                                              0.431          8.947   0.1
--------------------------------------------------------------------------------
 Total                                           409.849       8504.790 100.0
--------------------------------------------------------------------------------
 Breakdown of PME mesh activities
--------------------------------------------------------------------------------
 PME spread                1    8      10001      15.035        311.988   3.7
 PME gather                1    8      10001       9.992        207.339   2.4
 PME 3D-FFT                1    8      20002      12.751        264.606   3.1
 PME solve Elec            1    8      10001       1.089         22.596   0.3
--------------------------------------------------------------------------------

               Core t (s)   Wall t (s)        (%)
       Time:     3278.788      409.849      800.0
                 (ns/day)    (hour/ns)
Performance:        4.217        5.692
Finished mdrun on rank 0 Fri Apr 17 15:58:43 2026

